13:56:57 **** Incremental Build of configuration Debug for project 2D-Detumbling-ACS ****
make -j8 all 
arm-none-eabi-gcc "../Drivers/STM32F0xx_HAL_Driver/Src/stm32f0xx_hal.c" -mcpu=cortex-m0 -std=gnu11 -g3 -DDEBUG -DUSE_HAL_DRIVER -DSTM32F051x8 -c -I../Core/Inc -I../Drivers/STM32F0xx_HAL_Driver/Inc -I../Drivers/STM32F0xx_HAL_Driver/Inc/Legacy -I../Drivers/CMSIS/Device/ST/STM32F0xx/Include -I../Drivers/CMSIS/Include -O0 -ffunction-sections -fdata-sections -Wall -fstack-usage -fcyclomatic-complexity -MMD -MP -MF"Drivers/STM32F0xx_HAL_Driver/Src/stm32f0xx_hal.d" -MT"Drivers/STM32F0xx_HAL_Driver/Src/stm32f0xx_hal.o" --specs=nano.specs -mfloat-abi=soft -mthumb -o "Drivers/STM32F0xx_HAL_Driver/Src/stm32f0xx_hal.o"
arm-none-eabi-gcc "../Drivers/STM32F0xx_HAL_Driver/Src/stm32f0xx_hal_cortex.c" -mcpu=cortex-m0 -std=gnu11 -g3 -DDEBUG -DUSE_HAL_DRIVER -DSTM32F051x8 -c -I../Core/Inc -I../Drivers/STM32F0xx_HAL_Driver/Inc -I../Drivers/STM32F0xx_HAL_Driver/Inc/Legacy -I../Drivers/CMSIS/Device/ST/STM32F0xx/Include -I../Drivers/CMSIS/Include -O0 -ffunction-sections -fdata-sections -Wall -fstack-usage -fcyclomatic-complexity -MMD -MP -MF"Drivers/STM32F0xx_HAL_Driver/Src/stm32f0xx_hal_cortex.d" -MT"Drivers/STM32F0xx_HAL_Driver/Src/stm32f0xx_hal_cortex.o" --specs=nano.specs -mfloat-abi=soft -mthumb -o "Drivers/STM32F0xx_HAL_Driver/Src/stm32f0xx_hal_cortex.o"
arm-none-eabi-gcc "../Drivers/STM32F0xx_HAL_Driver/Src/stm32f0xx_hal_dma.c" -mcpu=cortex-m0 -std=gnu11 -g3 -DDEBUG -DUSE_HAL_DRIVER -DSTM32F051x8 -c -I../Core/Inc -I../Drivers/STM32F0xx_HAL_Driver/Inc -I../Drivers/STM32F0xx_HAL_Driver/Inc/Legacy -I../Drivers/CMSIS/Device/ST/STM32F0xx/Include -I../Drivers/CMSIS/Include -O0 -ffunction-sections -fdata-sections -Wall -fstack-usage -fcyclomatic-complexity -MMD -MP -MF"Drivers/STM32F0xx_HAL_Driver/Src/stm32f0xx_hal_dma.d" -MT"Drivers/STM32F0xx_HAL_Driver/Src/stm32f0xx_hal_dma.o" --specs=nano.specs -mfloat-abi=soft -mthumb -o "Drivers/STM32F0xx_HAL_Driver/Src/stm32f0xx_hal_dma.o"
arm-none-eabi-gcc "../Drivers/STM32F0xx_HAL_Driver/Src/stm32f0xx_hal_exti.c" -mcpu=cortex-m0 -std=gnu11 -g3 -DDEBUG -DUSE_HAL_DRIVER -DSTM32F051x8 -c -I../Core/Inc -I../Drivers/STM32F0xx_HAL_Driver/Inc -I../Drivers/STM32F0xx_HAL_Driver/Inc/Legacy -I../Drivers/CMSIS/Device/ST/STM32F0xx/Include -I../Drivers/CMSIS/Include -O0 -ffunction-sections -fdata-sections -Wall -fstack-usage -fcyclomatic-complexity -MMD -MP -MF"Drivers/STM32F0xx_HAL_Driver/Src/stm32f0xx_hal_exti.d" -MT"Drivers/STM32F0xx_HAL_Driver/Src/stm32f0xx_hal_exti.o" --specs=nano.specs -mfloat-abi=soft -mthumb -o "Drivers/STM32F0xx_HAL_Driver/Src/stm32f0xx_hal_exti.o"
arm-none-eabi-gcc "../Drivers/STM32F0xx_HAL_Driver/Src/stm32f0xx_hal_flash.c" -mcpu=cortex-m0 -std=gnu11 -g3 -DDEBUG -DUSE_HAL_DRIVER -DSTM32F051x8 -c -I../Core/Inc -I../Drivers/STM32F0xx_HAL_Driver/Inc -I../Drivers/STM32F0xx_HAL_Driver/Inc/Legacy -I../Drivers/CMSIS/Device/ST/STM32F0xx/Include -I../Drivers/CMSIS/Include -O0 -ffunction-sections -fdata-sections -Wall -fstack-usage -fcyclomatic-complexity -MMD -MP -MF"Drivers/STM32F0xx_HAL_Driver/Src/stm32f0xx_hal_flash.d" -MT"Drivers/STM32F0xx_HAL_Driver/Src/stm32f0xx_hal_flash.o" --specs=nano.specs -mfloat-abi=soft -mthumb -o "Drivers/STM32F0xx_HAL_Driver/Src/stm32f0xx_hal_flash.o"
arm-none-eabi-gcc "../Drivers/STM32F0xx_HAL_Driver/Src/stm32f0xx_hal_flash_ex.c" -mcpu=cortex-m0 -std=gnu11 -g3 -DDEBUG -DUSE_HAL_DRIVER -DSTM32F051x8 -c -I../Core/Inc -I../Drivers/STM32F0xx_HAL_Driver/Inc -I../Drivers/STM32F0xx_HAL_Driver/Inc/Legacy -I../Drivers/CMSIS/Device/ST/STM32F0xx/Include -I../Drivers/CMSIS/Include -O0 -ffunction-sections -fdata-sections -Wall -fstack-usage -fcyclomatic-complexity -MMD -MP -MF"Drivers/STM32F0xx_HAL_Driver/Src/stm32f0xx_hal_flash_ex.d" -MT"Drivers/STM32F0xx_HAL_Driver/Src/stm32f0xx_hal_flash_ex.o" --specs=nano.specs -mfloat-abi=soft -mthumb -o "Drivers/STM32F0xx_HAL_Driver/Src/stm32f0xx_hal_flash_ex.o"
arm-none-eabi-gcc "../Drivers/STM32F0xx_HAL_Driver/Src/stm32f0xx_hal_gpio.c" -mcpu=cortex-m0 -std=gnu11 -g3 -DDEBUG -DUSE_HAL_DRIVER -DSTM32F051x8 -c -I../Core/Inc -I../Drivers/STM32F0xx_HAL_Driver/Inc -I../Drivers/STM32F0xx_HAL_Driver/Inc/Legacy -I../Drivers/CMSIS/Device/ST/STM32F0xx/Include -I../Drivers/CMSIS/Include -O0 -ffunction-sections -fdata-sections -Wall -fstack-usage -fcyclomatic-complexity -MMD -MP -MF"Drivers/STM32F0xx_HAL_Driver/Src/stm32f0xx_hal_gpio.d" -MT"Drivers/STM32F0xx_HAL_Driver/Src/stm32f0xx_hal_gpio.o" --specs=nano.specs -mfloat-abi=soft -mthumb -o "Drivers/STM32F0xx_HAL_Driver/Src/stm32f0xx_hal_gpio.o"
arm-none-eabi-gcc "../Drivers/STM32F0xx_HAL_Driver/Src/stm32f0xx_hal_i2c.c" -mcpu=cortex-m0 -std=gnu11 -g3 -DDEBUG -DUSE_HAL_DRIVER -DSTM32F051x8 -c -I../Core/Inc -I../Drivers/STM32F0xx_HAL_Driver/Inc -I../Drivers/STM32F0xx_HAL_Driver/Inc/Legacy -I../Drivers/CMSIS/Device/ST/STM32F0xx/Include -I../Drivers/CMSIS/Include -O0 -ffunction-sections -fdata-sections -Wall -fstack-usage -fcyclomatic-complexity -MMD -MP -MF"Drivers/STM32F0xx_HAL_Driver/Src/stm32f0xx_hal_i2c.d" -MT"Drivers/STM32F0xx_HAL_Driver/Src/stm32f0xx_hal_i2c.o" --specs=nano.specs -mfloat-abi=soft -mthumb -o "Drivers/STM32F0xx_HAL_Driver/Src/stm32f0xx_hal_i2c.o"
arm-none-eabi-gcc "../Drivers/STM32F0xx_HAL_Driver/Src/stm32f0xx_hal_i2c_ex.c" -mcpu=cortex-m0 -std=gnu11 -g3 -DDEBUG -DUSE_HAL_DRIVER -DSTM32F051x8 -c -I../Core/Inc -I../Drivers/STM32F0xx_HAL_Driver/Inc -I../Drivers/STM32F0xx_HAL_Driver/Inc/Legacy -I../Drivers/CMSIS/Device/ST/STM32F0xx/Include -I../Drivers/CMSIS/Include -O0 -ffunction-sections -fdata-sections -Wall -fstack-usage -fcyclomatic-complexity -MMD -MP -MF"Drivers/STM32F0xx_HAL_Driver/Src/stm32f0xx_hal_i2c_ex.d" -MT"Drivers/STM32F0xx_HAL_Driver/Src/stm32f0xx_hal_i2c_ex.o" --specs=nano.specs -mfloat-abi=soft -mthumb -o "Drivers/STM32F0xx_HAL_Driver/Src/stm32f0xx_hal_i2c_ex.o"
arm-none-eabi-gcc "../Drivers/STM32F0xx_HAL_Driver/Src/stm32f0xx_hal_pwr.c" -mcpu=cortex-m0 -std=gnu11 -g3 -DDEBUG -DUSE_HAL_DRIVER -DSTM32F051x8 -c -I../Core/Inc -I../Drivers/STM32F0xx_HAL_Driver/Inc -I../Drivers/STM32F0xx_HAL_Driver/Inc/Legacy -I../Drivers/CMSIS/Device/ST/STM32F0xx/Include -I../Drivers/CMSIS/Include -O0 -ffunction-sections -fdata-sections -Wall -fstack-usage -fcyclomatic-complexity -MMD -MP -MF"Drivers/STM32F0xx_HAL_Driver/Src/stm32f0xx_hal_pwr.d" -MT"Drivers/STM32F0xx_HAL_Driver/Src/stm32f0xx_hal_pwr.o" --specs=nano.specs -mfloat-abi=soft -mthumb -o "Drivers/STM32F0xx_HAL_Driver/Src/stm32f0xx_hal_pwr.o"
arm-none-eabi-gcc "../Drivers/STM32F0xx_HAL_Driver/Src/stm32f0xx_hal_pwr_ex.c" -mcpu=cortex-m0 -std=gnu11 -g3 -DDEBUG -DUSE_HAL_DRIVER -DSTM32F051x8 -c -I../Core/Inc -I../Drivers/STM32F0xx_HAL_Driver/Inc -I../Drivers/STM32F0xx_HAL_Driver/Inc/Legacy -I../Drivers/CMSIS/Device/ST/STM32F0xx/Include -I../Drivers/CMSIS/Include -O0 -ffunction-sections -fdata-sections -Wall -fstack-usage -fcyclomatic-complexity -MMD -MP -MF"Drivers/STM32F0xx_HAL_Driver/Src/stm32f0xx_hal_pwr_ex.d" -MT"Drivers/STM32F0xx_HAL_Driver/Src/stm32f0xx_hal_pwr_ex.o" --specs=nano.specs -mfloat-abi=soft -mthumb -o "Drivers/STM32F0xx_HAL_Driver/Src/stm32f0xx_hal_pwr_ex.o"
arm-none-eabi-gcc "../Drivers/STM32F0xx_HAL_Driver/Src/stm32f0xx_hal_rcc.c" -mcpu=cortex-m0 -std=gnu11 -g3 -DDEBUG -DUSE_HAL_DRIVER -DSTM32F051x8 -c -I../Core/Inc -I../Drivers/STM32F0xx_HAL_Driver/Inc -I../Drivers/STM32F0xx_HAL_Driver/Inc/Legacy -I../Drivers/CMSIS/Device/ST/STM32F0xx/Include -I../Drivers/CMSIS/Include -O0 -ffunction-sections -fdata-sections -Wall -fstack-usage -fcyclomatic-complexity -MMD -MP -MF"Drivers/STM32F0xx_HAL_Driver/Src/stm32f0xx_hal_rcc.d" -MT"Drivers/STM32F0xx_HAL_Driver/Src/stm32f0xx_hal_rcc.o" --specs=nano.specs -mfloat-abi=soft -mthumb -o "Drivers/STM32F0xx_HAL_Driver/Src/stm32f0xx_hal_rcc.o"
arm-none-eabi-gcc "../Drivers/STM32F0xx_HAL_Driver/Src/stm32f0xx_hal_rcc_ex.c" -mcpu=cortex-m0 -std=gnu11 -g3 -DDEBUG -DUSE_HAL_DRIVER -DSTM32F051x8 -c -I../Core/Inc -I../Drivers/STM32F0xx_HAL_Driver/Inc -I../Drivers/STM32F0xx_HAL_Driver/Inc/Legacy -I../Drivers/CMSIS/Device/ST/STM32F0xx/Include -I../Drivers/CMSIS/Include -O0 -ffunction-sections -fdata-sections -Wall -fstack-usage -fcyclomatic-complexity -MMD -MP -MF"Drivers/STM32F0xx_HAL_Driver/Src/stm32f0xx_hal_rcc_ex.d" -MT"Drivers/STM32F0xx_HAL_Driver/Src/stm32f0xx_hal_rcc_ex.o" --specs=nano.specs -mfloat-abi=soft -mthumb -o "Drivers/STM32F0xx_HAL_Driver/Src/stm32f0xx_hal_rcc_ex.o"
arm-none-eabi-gcc "../Drivers/STM32F0xx_HAL_Driver/Src/stm32f0xx_hal_tim.c" -mcpu=cortex-m0 -std=gnu11 -g3 -DDEBUG -DUSE_HAL_DRIVER -DSTM32F051x8 -c -I../Core/Inc -I../Drivers/STM32F0xx_HAL_Driver/Inc -I../Drivers/STM32F0xx_HAL_Driver/Inc/Legacy -I../Drivers/CMSIS/Device/ST/STM32F0xx/Include -I../Drivers/CMSIS/Include -O0 -ffunction-sections -fdata-sections -Wall -fstack-usage -fcyclomatic-complexity -MMD -MP -MF"Drivers/STM32F0xx_HAL_Driver/Src/stm32f0xx_hal_tim.d" -MT"Drivers/STM32F0xx_HAL_Driver/Src/stm32f0xx_hal_tim.o" --specs=nano.specs -mfloat-abi=soft -mthumb -o "Drivers/STM32F0xx_HAL_Driver/Src/stm32f0xx_hal_tim.o"
arm-none-eabi-gcc "../Drivers/STM32F0xx_HAL_Driver/Src/stm32f0xx_hal_tim_ex.c" -mcpu=cortex-m0 -std=gnu11 -g3 -DDEBUG -DUSE_HAL_DRIVER -DSTM32F051x8 -c -I../Core/Inc -I../Drivers/STM32F0xx_HAL_Driver/Inc -I../Drivers/STM32F0xx_HAL_Driver/Inc/Legacy -I../Drivers/CMSIS/Device/ST/STM32F0xx/Include -I../Drivers/CMSIS/Include -O0 -ffunction-sections -fdata-sections -Wall -fstack-usage -fcyclomatic-complexity -MMD -MP -MF"Drivers/STM32F0xx_HAL_Driver/Src/stm32f0xx_hal_tim_ex.d" -MT"Drivers/STM32F0xx_HAL_Driver/Src/stm32f0xx_hal_tim_ex.o" --specs=nano.specs -mfloat-abi=soft -mthumb -o "Drivers/STM32F0xx_HAL_Driver/Src/stm32f0xx_hal_tim_ex.o"
arm-none-eabi-gcc -mcpu=cortex-m0 -g3 -DDEBUG -c -x assembler-with-cpp -MMD -MP -MF"Core/Startup/startup_stm32f051r8tx.d" -MT"Core/Startup/startup_stm32f051r8tx.o" --specs=nano.specs -mfloat-abi=soft -mthumb -o "Core/Startup/startup_stm32f051r8tx.o" "../Core/Startup/startup_stm32f051r8tx.s"
arm-none-eabi-gcc "../Core/Src/main.c" -mcpu=cortex-m0 -std=gnu11 -g3 -DDEBUG -DUSE_HAL_DRIVER -DSTM32F051x8 -c -I../Core/Inc -I../Drivers/STM32F0xx_HAL_Driver/Inc -I../Drivers/STM32F0xx_HAL_Driver/Inc/Legacy -I../Drivers/CMSIS/Device/ST/STM32F0xx/Include -I../Drivers/CMSIS/Include -O0 -ffunction-sections -fdata-sections -Wall -fstack-usage -fcyclomatic-complexity -MMD -MP -MF"Core/Src/main.d" -MT"Core/Src/main.o" --specs=nano.specs -mfloat-abi=soft -mthumb -o "Core/Src/main.o"
arm-none-eabi-gcc "../Core/Src/stm32f0xx_hal_msp.c" -mcpu=cortex-m0 -std=gnu11 -g3 -DDEBUG -DUSE_HAL_DRIVER -DSTM32F051x8 -c -I../Core/Inc -I../Drivers/STM32F0xx_HAL_Driver/Inc -I../Drivers/STM32F0xx_HAL_Driver/Inc/Legacy -I../Drivers/CMSIS/Device/ST/STM32F0xx/Include -I../Drivers/CMSIS/Include -O0 -ffunction-sections -fdata-sections -Wall -fstack-usage -fcyclomatic-complexity -MMD -MP -MF"Core/Src/stm32f0xx_hal_msp.d" -MT"Core/Src/stm32f0xx_hal_msp.o" --specs=nano.specs -mfloat-abi=soft -mthumb -o "Core/Src/stm32f0xx_hal_msp.o"
arm-none-eabi-gcc "../Core/Src/stm32f0xx_it.c" -mcpu=cortex-m0 -std=gnu11 -g3 -DDEBUG -DUSE_HAL_DRIVER -DSTM32F051x8 -c -I../Core/Inc -I../Drivers/STM32F0xx_HAL_Driver/Inc -I../Drivers/STM32F0xx_HAL_Driver/Inc/Legacy -I../Drivers/CMSIS/Device/ST/STM32F0xx/Include -I../Drivers/CMSIS/Include -O0 -ffunction-sections -fdata-sections -Wall -fstack-usage -fcyclomatic-complexity -MMD -MP -MF"Core/Src/stm32f0xx_it.d" -MT"Core/Src/stm32f0xx_it.o" --specs=nano.specs -mfloat-abi=soft -mthumb -o "Core/Src/stm32f0xx_it.o"
arm-none-eabi-gcc "../Core/Src/syscalls.c" -mcpu=cortex-m0 -std=gnu11 -g3 -DDEBUG -DUSE_HAL_DRIVER -DSTM32F051x8 -c -I../Core/Inc -I../Drivers/STM32F0xx_HAL_Driver/Inc -I../Drivers/STM32F0xx_HAL_Driver/Inc/Legacy -I../Drivers/CMSIS/Device/ST/STM32F0xx/Include -I../Drivers/CMSIS/Include -O0 -ffunction-sections -fdata-sections -Wall -fstack-usage -fcyclomatic-complexity -MMD -MP -MF"Core/Src/syscalls.d" -MT"Core/Src/syscalls.o" --specs=nano.specs -mfloat-abi=soft -mthumb -o "Core/Src/syscalls.o"
arm-none-eabi-gcc "../Core/Src/sysmem.c" -mcpu=cortex-m0 -std=gnu11 -g3 -DDEBUG -DUSE_HAL_DRIVER -DSTM32F051x8 -c -I../Core/Inc -I../Drivers/STM32F0xx_HAL_Driver/Inc -I../Drivers/STM32F0xx_HAL_Driver/Inc/Legacy -I../Drivers/CMSIS/Device/ST/STM32F0xx/Include -I../Drivers/CMSIS/Include -O0 -ffunction-sections -fdata-sections -Wall -fstack-usage -fcyclomatic-complexity -MMD -MP -MF"Core/Src/sysmem.d" -MT"Core/Src/sysmem.o" --specs=nano.specs -mfloat-abi=soft -mthumb -o "Core/Src/sysmem.o"
arm-none-eabi-gcc "../Core/Src/system_stm32f0xx.c" -mcpu=cortex-m0 -std=gnu11 -g3 -DDEBUG -DUSE_HAL_DRIVER -DSTM32F051x8 -c -I../Core/Inc -I../Drivers/STM32F0xx_HAL_Driver/Inc -I../Drivers/STM32F0xx_HAL_Driver/Inc/Legacy -I../Drivers/CMSIS/Device/ST/STM32F0xx/Include -I../Drivers/CMSIS/Include -O0 -ffunction-sections -fdata-sections -Wall -fstack-usage -fcyclomatic-complexity -MMD -MP -MF"Core/Src/system_stm32f0xx.d" -MT"Core/Src/system_stm32f0xx.o" --specs=nano.specs -mfloat-abi=soft -mthumb -o "Core/Src/system_stm32f0xx.o"
arm-none-eabi-gcc -o "2D-Detumbling-ACS.elf" @"objects.list"   -mcpu=cortex-m0 -T"C:\Users\joest\uni\Einführung in die Elektronik der L und R\2D-Detumbling-ACS\STM32F051R8TX_FLASH.ld" --specs=nosys.specs -Wl,-Map="2D-Detumbling-ACS.map" -Wl,--gc-sections -static --specs=nano.specs -mfloat-abi=soft -mthumb -Wl,--start-group -lc -lm -Wl,--end-group
Finished building target: 2D-Detumbling-ACS.elf
 
arm-none-eabi-size  2D-Detumbling-ACS.elf 
arm-none-eabi-objdump -h -S 2D-Detumbling-ACS.elf  > "2D-Detumbling-ACS.list"
   text	   data	    bss	    dec	    hex	filename
  18716	     12	   1804	  20532	   5034	2D-Detumbling-ACS.elf
Finished building: default.size.stdout
 
Finished building: 2D-Detumbling-ACS.list
 
13:57:12 **** Incremental Build of configuration Debug for project 2D-Detumbling-ACS ****
make -j8 all 
arm-none-eabi-size  2D-Detumbling-ACS.elf 
   text	   data	    bss	    dec	    hex	filename
  18716	     12	   1804	  20532	   5034	2D-Detumbling-ACS.elf
Finished building: default.size.stdout
 
14:03:29 **** Incremental Build of configuration Debug for project 2D-Detumbling-ACS ****
make -j8 all 
arm-none-eabi-gcc "../Core/Src/main.c" -mcpu=cortex-m0 -std=gnu11 -g3 -DDEBUG -DUSE_HAL_DRIVER -DSTM32F051x8 -c -I../Core/Inc -I../Drivers/STM32F0xx_HAL_Driver/Inc -I../Drivers/STM32F0xx_HAL_Driver/Inc/Legacy -I../Drivers/CMSIS/Device/ST/STM32F0xx/Include -I../Drivers/CMSIS/Include -O0 -ffunction-sections -fdata-sections -Wall -fstack-usage -fcyclomatic-complexity -MMD -MP -MF"Core/Src/main.d" -MT"Core/Src/main.o" --specs=nano.specs -mfloat-abi=soft -mthumb -o "Core/Src/main.o"
arm-none-eabi-gcc -o "2D-Detumbling-ACS.elf" @"objects.list"   -mcpu=cortex-m0 -T"C:\Users\joest\uni\Einführung in die Elektronik der L und R\2D-Detumbling-ACS\STM32F051R8TX_FLASH.ld" --specs=nosys.specs -Wl,-Map="2D-Detumbling-ACS.map" -Wl,--gc-sections -static --specs=nano.specs -mfloat-abi=soft -mthumb -Wl,--start-group -lc -lm -Wl,--end-group
Finished building target: 2D-Detumbling-ACS.elf
 
arm-none-eabi-size  2D-Detumbling-ACS.elf 
arm-none-eabi-objdump -h -S 2D-Detumbling-ACS.elf  > "2D-Detumbling-ACS.list"
   text	   data	    bss	    dec	    hex	filename
  18716	     12	   1804	  20532	   5034	2D-Detumbling-ACS.elf
Finished building: default.size.stdout
 
Finished building: 2D-Detumbling-ACS.list
 
12:38:16 **** Build of configuration Debug for project 2D-Detumbling-ACS ****
make -j8 all 
arm-none-eabi-gcc "../Core/Src/main.c" -mcpu=cortex-m0 -std=gnu11 -g3 -DDEBUG -DUSE_HAL_DRIVER -DSTM32F051x8 -c -I../Core/Inc -I../Drivers/STM32F0xx_HAL_Driver/Inc -I../Drivers/STM32F0xx_HAL_Driver/Inc/Legacy -I../Drivers/CMSIS/Device/ST/STM32F0xx/Include -I../Drivers/CMSIS/Include -O0 -ffunction-sections -fdata-sections -Wall -fstack-usage -fcyclomatic-complexity -MMD -MP -MF"Core/Src/main.d" -MT"Core/Src/main.o" --specs=nano.specs -mfloat-abi=soft -mthumb -o "Core/Src/main.o"
arm-none-eabi-gcc -o "2D-Detumbling-ACS.elf" @"objects.list"   -mcpu=cortex-m0 -T"C:\Users\joest\uni\Einführung in die Elektronik der L und R\2D-Detumbling-ACS\STM32F051R8TX_FLASH.ld" --specs=nosys.specs -Wl,-Map="2D-Detumbling-ACS.map" -Wl,--gc-sections -static --specs=nano.specs -mfloat-abi=soft -mthumb -Wl,--start-group -lc -lm -Wl,--end-group
Finished building target: 2D-Detumbling-ACS.elf
 
arm-none-eabi-size  2D-Detumbling-ACS.elf 
arm-none-eabi-objdump -h -S 2D-Detumbling-ACS.elf  > "2D-Detumbling-ACS.list"
   text	   data	    bss	    dec	    hex	filename
  19132	     12	   1804	  20948	   51d4	2D-Detumbling-ACS.elf
Finished building: default.size.stdout
 
Finished building: 2D-Detumbling-ACS.list
 
12:52:18 **** Clean-only build of configuration Debug for project 2D-Detumbling-ACS ****
make -j8 clean 
rm -rf ./Drivers/STM32F0xx_HAL_Driver/Src/stm32f0xx_hal.cyclo ./Drivers/STM32F0xx_HAL_Driver/Src/stm32f0xx_hal.d ./Drivers/STM32F0xx_HAL_Driver/Src/stm32f0xx_hal.o ./Drivers/STM32F0xx_HAL_Driver/Src/stm32f0xx_hal.su ./Drivers/STM32F0xx_HAL_Driver/Src/stm32f0xx_hal_cortex.cyclo ./Drivers/STM32F0xx_HAL_Driver/Src/stm32f0xx_hal_cortex.d ./Drivers/STM32F0xx_HAL_Driver/Src/stm32f0xx_hal_cortex.o ./Drivers/STM32F0xx_HAL_Driver/Src/stm32f0xx_hal_cortex.su ./Drivers/STM32F0xx_HAL_Driver/Src/stm32f0xx_hal_dma.cyclo ./Drivers/STM32F0xx_HAL_Driver/Src/stm32f0xx_hal_dma.d ./Drivers/STM32F0xx_HAL_Driver/Src/stm32f0xx_hal_dma.o ./Drivers/STM32F0xx_HAL_Driver/Src/stm32f0xx_hal_dma.su ./Drivers/STM32F0xx_HAL_Driver/Src/stm32f0xx_hal_exti.cyclo ./Drivers/STM32F0xx_HAL_Driver/Src/stm32f0xx_hal_exti.d ./Drivers/STM32F0xx_HAL_Driver/Src/stm32f0xx_hal_exti.o ./Drivers/STM32F0xx_HAL_Driver/Src/stm32f0xx_hal_exti.su ./Drivers/STM32F0xx_HAL_Driver/Src/stm32f0xx_hal_flash.cyclo ./Drivers/STM32F0xx_HAL_Driver/Src/stm32f0xx_hal_flash.d ./Drivers/STM32F0xx_HAL_Driver/Src/stm32f0xx_hal_flash.o ./Drivers/STM32F0xx_HAL_Driver/Src/stm32f0xx_hal_flash.su ./Drivers/STM32F0xx_HAL_Driver/Src/stm32f0xx_hal_flash_ex.cyclo ./Drivers/STM32F0xx_HAL_Driver/Src/stm32f0xx_hal_flash_ex.d ./Drivers/STM32F0xx_HAL_Driver/Src/stm32f0xx_hal_flash_ex.o ./Drivers/STM32F0xx_HAL_Driver/Src/stm32f0xx_hal_flash_ex.su ./Drivers/STM32F0xx_HAL_Driver/Src/stm32f0xx_hal_gpio.cyclo ./Drivers/STM32F0xx_HAL_Driver/Src/stm32f0xx_hal_gpio.d ./Drivers/STM32F0xx_HAL_Driver/Src/stm32f0xx_hal_gpio.o ./Drivers/STM32F0xx_HAL_Driver/Src/stm32f0xx_hal_gpio.su ./Drivers/STM32F0xx_HAL_Driver/Src/stm32f0xx_hal_i2c.cyclo ./Drivers/STM32F0xx_HAL_Driver/Src/stm32f0xx_hal_i2c.d ./Drivers/STM32F0xx_HAL_Driver/Src/stm32f0xx_hal_i2c.o ./Drivers/STM32F0xx_HAL_Driver/Src/stm32f0xx_hal_i2c.su ./Drivers/STM32F0xx_HAL_Driver/Src/stm32f0xx_hal_i2c_ex.cyclo ./Drivers/STM32F0xx_HAL_Driver/Src/stm32f0xx_hal_i2c_ex.d ./Drivers/STM32F0xx_HAL_Driver/Src/stm32f0xx_hal_i2c_ex.o ./Drivers/STM32F0xx_HAL_Driver/Src/stm32f0xx_hal_i2c_ex.su ./Drivers/STM32F0xx_HAL_Driver/Src/stm32f0xx_hal_pwr.cyclo ./Drivers/STM32F0xx_HAL_Driver/Src/stm32f0xx_hal_pwr.d ./Drivers/STM32F0xx_HAL_Driver/Src/stm32f0xx_hal_pwr.o ./Drivers/STM32F0xx_HAL_Driver/Src/stm32f0xx_hal_pwr.su ./Drivers/STM32F0xx_HAL_Driver/Src/stm32f0xx_hal_pwr_ex.cyclo ./Drivers/STM32F0xx_HAL_Driver/Src/stm32f0xx_hal_pwr_ex.d ./Drivers/STM32F0xx_HAL_Driver/Src/stm32f0xx_hal_pwr_ex.o ./Drivers/STM32F0xx_HAL_Driver/Src/stm32f0xx_hal_pwr_ex.su ./Drivers/STM32F0xx_HAL_Driver/Src/stm32f0xx_hal_rcc.cyclo ./Drivers/STM32F0xx_HAL_Driver/Src/stm32f0xx_hal_rcc.d ./Drivers/STM32F0xx_HAL_Driver/Src/stm32f0xx_hal_rcc.o ./Drivers/STM32F0xx_HAL_Driver/Src/stm32f0xx_hal_rcc.su ./Drivers/STM32F0xx_HAL_Driver/Src/stm32f0xx_hal_rcc_ex.cyclo ./Drivers/STM32F0xx_HAL_Driver/Src/stm32f0xx_hal_rcc_ex.d ./Drivers/STM32F0xx_HAL_Driver/Src/stm32f0xx_hal_rcc_ex.o ./Drivers/STM32F0xx_HAL_Driver/Src/stm32f0xx_hal_rcc_ex.su ./Drivers/STM32F0xx_HAL_Driver/Src/stm32f0xx_hal_tim.cyclo ./Drivers/STM32F0xx_HAL_Driver/Src/stm32f0xx_hal_tim.d ./Drivers/STM32F0xx_HAL_Driver/Src/stm32f0xx_hal_tim.o ./Drivers/STM32F0xx_HAL_Driver/Src/stm32f0xx_hal_tim.su ./Drivers/STM32F0xx_HAL_Driver/Src/stm32f0xx_hal_tim_ex.cyclo ./Drivers/STM32F0xx_HAL_Driver/Src/stm32f0xx_hal_tim_ex.d ./Drivers/STM32F0xx_HAL_Driver/Src/stm32f0xx_hal_tim_ex.o ./Drivers/STM32F0xx_HAL_Driver/Src/stm32f0xx_hal_tim_ex.su
rm -rf ./Core/Startup/startup_stm32f051r8tx.d ./Core/Startup/startup_stm32f051r8tx.o
rm -rf ./Core/Src/main.cyclo ./Core/Src/main.d ./Core/Src/main.o ./Core/Src/main.su ./Core/Src/stm32f0xx_hal_msp.cyclo ./Core/Src/stm32f0xx_hal_msp.d ./Core/Src/stm32f0xx_hal_msp.o ./Core/Src/stm32f0xx_hal_msp.su ./Core/Src/stm32f0xx_it.cyclo ./Core/Src/stm32f0xx_it.d ./Core/Src/stm32f0xx_it.o ./Core/Src/stm32f0xx_it.su ./Core/Src/syscalls.cyclo ./Core/Src/syscalls.d ./Core/Src/syscalls.o ./Core/Src/syscalls.su ./Core/Src/sysmem.cyclo ./Core/Src/sysmem.d ./Core/Src/sysmem.o ./Core/Src/sysmem.su ./Core/Src/system_stm32f0xx.cyclo ./Core/Src/system_stm32f0xx.d ./Core/Src/system_stm32f0xx.o ./Core/Src/system_stm32f0xx.su
rm -rf 2D-Detumbling-ACS.elf 2D-Detumbling-ACS.list 2D-Detumbling-ACS.map default.size.stdout
 
12:52:18 **** Incremental Build of configuration Debug for project 2D-Detumbling-ACS ****
make -j8 all 
arm-none-eabi-gcc "../Drivers/STM32F0xx_HAL_Driver/Src/stm32f0xx_hal.c" -mcpu=cortex-m0 -std=gnu11 -g3 -DDEBUG -DUSE_HAL_DRIVER -DSTM32F051x8 -c -I../Core/Inc -I../Drivers/STM32F0xx_HAL_Driver/Inc -I../Drivers/STM32F0xx_HAL_Driver/Inc/Legacy -I../Drivers/CMSIS/Device/ST/STM32F0xx/Include -I../Drivers/CMSIS/Include -O0 -ffunction-sections -fdata-sections -Wall -fstack-usage -fcyclomatic-complexity -MMD -MP -MF"Drivers/STM32F0xx_HAL_Driver/Src/stm32f0xx_hal.d" -MT"Drivers/STM32F0xx_HAL_Driver/Src/stm32f0xx_hal.o" --specs=nano.specs -mfloat-abi=soft -mthumb -o "Drivers/STM32F0xx_HAL_Driver/Src/stm32f0xx_hal.o"
arm-none-eabi-gcc "../Drivers/STM32F0xx_HAL_Driver/Src/stm32f0xx_hal_cortex.c" -mcpu=cortex-m0 -std=gnu11 -g3 -DDEBUG -DUSE_HAL_DRIVER -DSTM32F051x8 -c -I../Core/Inc -I../Drivers/STM32F0xx_HAL_Driver/Inc -I../Drivers/STM32F0xx_HAL_Driver/Inc/Legacy -I../Drivers/CMSIS/Device/ST/STM32F0xx/Include -I../Drivers/CMSIS/Include -O0 -ffunction-sections -fdata-sections -Wall -fstack-usage -fcyclomatic-complexity -MMD -MP -MF"Drivers/STM32F0xx_HAL_Driver/Src/stm32f0xx_hal_cortex.d" -MT"Drivers/STM32F0xx_HAL_Driver/Src/stm32f0xx_hal_cortex.o" --specs=nano.specs -mfloat-abi=soft -mthumb -o "Drivers/STM32F0xx_HAL_Driver/Src/stm32f0xx_hal_cortex.o"
arm-none-eabi-gcc "../Drivers/STM32F0xx_HAL_Driver/Src/stm32f0xx_hal_dma.c" -mcpu=cortex-m0 -std=gnu11 -g3 -DDEBUG -DUSE_HAL_DRIVER -DSTM32F051x8 -c -I../Core/Inc -I../Drivers/STM32F0xx_HAL_Driver/Inc -I../Drivers/STM32F0xx_HAL_Driver/Inc/Legacy -I../Drivers/CMSIS/Device/ST/STM32F0xx/Include -I../Drivers/CMSIS/Include -O0 -ffunction-sections -fdata-sections -Wall -fstack-usage -fcyclomatic-complexity -MMD -MP -MF"Drivers/STM32F0xx_HAL_Driver/Src/stm32f0xx_hal_dma.d" -MT"Drivers/STM32F0xx_HAL_Driver/Src/stm32f0xx_hal_dma.o" --specs=nano.specs -mfloat-abi=soft -mthumb -o "Drivers/STM32F0xx_HAL_Driver/Src/stm32f0xx_hal_dma.o"
arm-none-eabi-gcc "../Drivers/STM32F0xx_HAL_Driver/Src/stm32f0xx_hal_exti.c" -mcpu=cortex-m0 -std=gnu11 -g3 -DDEBUG -DUSE_HAL_DRIVER -DSTM32F051x8 -c -I../Core/Inc -I../Drivers/STM32F0xx_HAL_Driver/Inc -I../Drivers/STM32F0xx_HAL_Driver/Inc/Legacy -I../Drivers/CMSIS/Device/ST/STM32F0xx/Include -I../Drivers/CMSIS/Include -O0 -ffunction-sections -fdata-sections -Wall -fstack-usage -fcyclomatic-complexity -MMD -MP -MF"Drivers/STM32F0xx_HAL_Driver/Src/stm32f0xx_hal_exti.d" -MT"Drivers/STM32F0xx_HAL_Driver/Src/stm32f0xx_hal_exti.o" --specs=nano.specs -mfloat-abi=soft -mthumb -o "Drivers/STM32F0xx_HAL_Driver/Src/stm32f0xx_hal_exti.o"
arm-none-eabi-gcc "../Drivers/STM32F0xx_HAL_Driver/Src/stm32f0xx_hal_flash.c" -mcpu=cortex-m0 -std=gnu11 -g3 -DDEBUG -DUSE_HAL_DRIVER -DSTM32F051x8 -c -I../Core/Inc -I../Drivers/STM32F0xx_HAL_Driver/Inc -I../Drivers/STM32F0xx_HAL_Driver/Inc/Legacy -I../Drivers/CMSIS/Device/ST/STM32F0xx/Include -I../Drivers/CMSIS/Include -O0 -ffunction-sections -fdata-sections -Wall -fstack-usage -fcyclomatic-complexity -MMD -MP -MF"Drivers/STM32F0xx_HAL_Driver/Src/stm32f0xx_hal_flash.d" -MT"Drivers/STM32F0xx_HAL_Driver/Src/stm32f0xx_hal_flash.o" --specs=nano.specs -mfloat-abi=soft -mthumb -o "Drivers/STM32F0xx_HAL_Driver/Src/stm32f0xx_hal_flash.o"
arm-none-eabi-gcc "../Drivers/STM32F0xx_HAL_Driver/Src/stm32f0xx_hal_flash_ex.c" -mcpu=cortex-m0 -std=gnu11 -g3 -DDEBUG -DUSE_HAL_DRIVER -DSTM32F051x8 -c -I../Core/Inc -I../Drivers/STM32F0xx_HAL_Driver/Inc -I../Drivers/STM32F0xx_HAL_Driver/Inc/Legacy -I../Drivers/CMSIS/Device/ST/STM32F0xx/Include -I../Drivers/CMSIS/Include -O0 -ffunction-sections -fdata-sections -Wall -fstack-usage -fcyclomatic-complexity -MMD -MP -MF"Drivers/STM32F0xx_HAL_Driver/Src/stm32f0xx_hal_flash_ex.d" -MT"Drivers/STM32F0xx_HAL_Driver/Src/stm32f0xx_hal_flash_ex.o" --specs=nano.specs -mfloat-abi=soft -mthumb -o "Drivers/STM32F0xx_HAL_Driver/Src/stm32f0xx_hal_flash_ex.o"
arm-none-eabi-gcc "../Drivers/STM32F0xx_HAL_Driver/Src/stm32f0xx_hal_gpio.c" -mcpu=cortex-m0 -std=gnu11 -g3 -DDEBUG -DUSE_HAL_DRIVER -DSTM32F051x8 -c -I../Core/Inc -I../Drivers/STM32F0xx_HAL_Driver/Inc -I../Drivers/STM32F0xx_HAL_Driver/Inc/Legacy -I../Drivers/CMSIS/Device/ST/STM32F0xx/Include -I../Drivers/CMSIS/Include -O0 -ffunction-sections -fdata-sections -Wall -fstack-usage -fcyclomatic-complexity -MMD -MP -MF"Drivers/STM32F0xx_HAL_Driver/Src/stm32f0xx_hal_gpio.d" -MT"Drivers/STM32F0xx_HAL_Driver/Src/stm32f0xx_hal_gpio.o" --specs=nano.specs -mfloat-abi=soft -mthumb -o "Drivers/STM32F0xx_HAL_Driver/Src/stm32f0xx_hal_gpio.o"
arm-none-eabi-gcc "../Drivers/STM32F0xx_HAL_Driver/Src/stm32f0xx_hal_i2c.c" -mcpu=cortex-m0 -std=gnu11 -g3 -DDEBUG -DUSE_HAL_DRIVER -DSTM32F051x8 -c -I../Core/Inc -I../Drivers/STM32F0xx_HAL_Driver/Inc -I../Drivers/STM32F0xx_HAL_Driver/Inc/Legacy -I../Drivers/CMSIS/Device/ST/STM32F0xx/Include -I../Drivers/CMSIS/Include -O0 -ffunction-sections -fdata-sections -Wall -fstack-usage -fcyclomatic-complexity -MMD -MP -MF"Drivers/STM32F0xx_HAL_Driver/Src/stm32f0xx_hal_i2c.d" -MT"Drivers/STM32F0xx_HAL_Driver/Src/stm32f0xx_hal_i2c.o" --specs=nano.specs -mfloat-abi=soft -mthumb -o "Drivers/STM32F0xx_HAL_Driver/Src/stm32f0xx_hal_i2c.o"
arm-none-eabi-gcc "../Drivers/STM32F0xx_HAL_Driver/Src/stm32f0xx_hal_i2c_ex.c" -mcpu=cortex-m0 -std=gnu11 -g3 -DDEBUG -DUSE_HAL_DRIVER -DSTM32F051x8 -c -I../Core/Inc -I../Drivers/STM32F0xx_HAL_Driver/Inc -I../Drivers/STM32F0xx_HAL_Driver/Inc/Legacy -I../Drivers/CMSIS/Device/ST/STM32F0xx/Include -I../Drivers/CMSIS/Include -O0 -ffunction-sections -fdata-sections -Wall -fstack-usage -fcyclomatic-complexity -MMD -MP -MF"Drivers/STM32F0xx_HAL_Driver/Src/stm32f0xx_hal_i2c_ex.d" -MT"Drivers/STM32F0xx_HAL_Driver/Src/stm32f0xx_hal_i2c_ex.o" --specs=nano.specs -mfloat-abi=soft -mthumb -o "Drivers/STM32F0xx_HAL_Driver/Src/stm32f0xx_hal_i2c_ex.o"
arm-none-eabi-gcc "../Drivers/STM32F0xx_HAL_Driver/Src/stm32f0xx_hal_pwr.c" -mcpu=cortex-m0 -std=gnu11 -g3 -DDEBUG -DUSE_HAL_DRIVER -DSTM32F051x8 -c -I../Core/Inc -I../Drivers/STM32F0xx_HAL_Driver/Inc -I../Drivers/STM32F0xx_HAL_Driver/Inc/Legacy -I../Drivers/CMSIS/Device/ST/STM32F0xx/Include -I../Drivers/CMSIS/Include -O0 -ffunction-sections -fdata-sections -Wall -fstack-usage -fcyclomatic-complexity -MMD -MP -MF"Drivers/STM32F0xx_HAL_Driver/Src/stm32f0xx_hal_pwr.d" -MT"Drivers/STM32F0xx_HAL_Driver/Src/stm32f0xx_hal_pwr.o" --specs=nano.specs -mfloat-abi=soft -mthumb -o "Drivers/STM32F0xx_HAL_Driver/Src/stm32f0xx_hal_pwr.o"
arm-none-eabi-gcc "../Drivers/STM32F0xx_HAL_Driver/Src/stm32f0xx_hal_pwr_ex.c" -mcpu=cortex-m0 -std=gnu11 -g3 -DDEBUG -DUSE_HAL_DRIVER -DSTM32F051x8 -c -I../Core/Inc -I../Drivers/STM32F0xx_HAL_Driver/Inc -I../Drivers/STM32F0xx_HAL_Driver/Inc/Legacy -I../Drivers/CMSIS/Device/ST/STM32F0xx/Include -I../Drivers/CMSIS/Include -O0 -ffunction-sections -fdata-sections -Wall -fstack-usage -fcyclomatic-complexity -MMD -MP -MF"Drivers/STM32F0xx_HAL_Driver/Src/stm32f0xx_hal_pwr_ex.d" -MT"Drivers/STM32F0xx_HAL_Driver/Src/stm32f0xx_hal_pwr_ex.o" --specs=nano.specs -mfloat-abi=soft -mthumb -o "Drivers/STM32F0xx_HAL_Driver/Src/stm32f0xx_hal_pwr_ex.o"
arm-none-eabi-gcc "../Drivers/STM32F0xx_HAL_Driver/Src/stm32f0xx_hal_rcc.c" -mcpu=cortex-m0 -std=gnu11 -g3 -DDEBUG -DUSE_HAL_DRIVER -DSTM32F051x8 -c -I../Core/Inc -I../Drivers/STM32F0xx_HAL_Driver/Inc -I../Drivers/STM32F0xx_HAL_Driver/Inc/Legacy -I../Drivers/CMSIS/Device/ST/STM32F0xx/Include -I../Drivers/CMSIS/Include -O0 -ffunction-sections -fdata-sections -Wall -fstack-usage -fcyclomatic-complexity -MMD -MP -MF"Drivers/STM32F0xx_HAL_Driver/Src/stm32f0xx_hal_rcc.d" -MT"Drivers/STM32F0xx_HAL_Driver/Src/stm32f0xx_hal_rcc.o" --specs=nano.specs -mfloat-abi=soft -mthumb -o "Drivers/STM32F0xx_HAL_Driver/Src/stm32f0xx_hal_rcc.o"
arm-none-eabi-gcc "../Drivers/STM32F0xx_HAL_Driver/Src/stm32f0xx_hal_rcc_ex.c" -mcpu=cortex-m0 -std=gnu11 -g3 -DDEBUG -DUSE_HAL_DRIVER -DSTM32F051x8 -c -I../Core/Inc -I../Drivers/STM32F0xx_HAL_Driver/Inc -I../Drivers/STM32F0xx_HAL_Driver/Inc/Legacy -I../Drivers/CMSIS/Device/ST/STM32F0xx/Include -I../Drivers/CMSIS/Include -O0 -ffunction-sections -fdata-sections -Wall -fstack-usage -fcyclomatic-complexity -MMD -MP -MF"Drivers/STM32F0xx_HAL_Driver/Src/stm32f0xx_hal_rcc_ex.d" -MT"Drivers/STM32F0xx_HAL_Driver/Src/stm32f0xx_hal_rcc_ex.o" --specs=nano.specs -mfloat-abi=soft -mthumb -o "Drivers/STM32F0xx_HAL_Driver/Src/stm32f0xx_hal_rcc_ex.o"
arm-none-eabi-gcc "../Drivers/STM32F0xx_HAL_Driver/Src/stm32f0xx_hal_tim.c" -mcpu=cortex-m0 -std=gnu11 -g3 -DDEBUG -DUSE_HAL_DRIVER -DSTM32F051x8 -c -I../Core/Inc -I../Drivers/STM32F0xx_HAL_Driver/Inc -I../Drivers/STM32F0xx_HAL_Driver/Inc/Legacy -I../Drivers/CMSIS/Device/ST/STM32F0xx/Include -I../Drivers/CMSIS/Include -O0 -ffunction-sections -fdata-sections -Wall -fstack-usage -fcyclomatic-complexity -MMD -MP -MF"Drivers/STM32F0xx_HAL_Driver/Src/stm32f0xx_hal_tim.d" -MT"Drivers/STM32F0xx_HAL_Driver/Src/stm32f0xx_hal_tim.o" --specs=nano.specs -mfloat-abi=soft -mthumb -o "Drivers/STM32F0xx_HAL_Driver/Src/stm32f0xx_hal_tim.o"
arm-none-eabi-gcc "../Drivers/STM32F0xx_HAL_Driver/Src/stm32f0xx_hal_tim_ex.c" -mcpu=cortex-m0 -std=gnu11 -g3 -DDEBUG -DUSE_HAL_DRIVER -DSTM32F051x8 -c -I../Core/Inc -I../Drivers/STM32F0xx_HAL_Driver/Inc -I../Drivers/STM32F0xx_HAL_Driver/Inc/Legacy -I../Drivers/CMSIS/Device/ST/STM32F0xx/Include -I../Drivers/CMSIS/Include -O0 -ffunction-sections -fdata-sections -Wall -fstack-usage -fcyclomatic-complexity -MMD -MP -MF"Drivers/STM32F0xx_HAL_Driver/Src/stm32f0xx_hal_tim_ex.d" -MT"Drivers/STM32F0xx_HAL_Driver/Src/stm32f0xx_hal_tim_ex.o" --specs=nano.specs -mfloat-abi=soft -mthumb -o "Drivers/STM32F0xx_HAL_Driver/Src/stm32f0xx_hal_tim_ex.o"
arm-none-eabi-gcc -mcpu=cortex-m0 -g3 -DDEBUG -c -x assembler-with-cpp -MMD -MP -MF"Core/Startup/startup_stm32f051r8tx.d" -MT"Core/Startup/startup_stm32f051r8tx.o" --specs=nano.specs -mfloat-abi=soft -mthumb -o "Core/Startup/startup_stm32f051r8tx.o" "../Core/Startup/startup_stm32f051r8tx.s"
arm-none-eabi-gcc "../Core/Src/main.c" -mcpu=cortex-m0 -std=gnu11 -g3 -DDEBUG -DUSE_HAL_DRIVER -DSTM32F051x8 -c -I../Core/Inc -I../Drivers/STM32F0xx_HAL_Driver/Inc -I../Drivers/STM32F0xx_HAL_Driver/Inc/Legacy -I../Drivers/CMSIS/Device/ST/STM32F0xx/Include -I../Drivers/CMSIS/Include -O0 -ffunction-sections -fdata-sections -Wall -fstack-usage -fcyclomatic-complexity -MMD -MP -MF"Core/Src/main.d" -MT"Core/Src/main.o" --specs=nano.specs -mfloat-abi=soft -mthumb -o "Core/Src/main.o"
arm-none-eabi-gcc "../Core/Src/stm32f0xx_hal_msp.c" -mcpu=cortex-m0 -std=gnu11 -g3 -DDEBUG -DUSE_HAL_DRIVER -DSTM32F051x8 -c -I../Core/Inc -I../Drivers/STM32F0xx_HAL_Driver/Inc -I../Drivers/STM32F0xx_HAL_Driver/Inc/Legacy -I../Drivers/CMSIS/Device/ST/STM32F0xx/Include -I../Drivers/CMSIS/Include -O0 -ffunction-sections -fdata-sections -Wall -fstack-usage -fcyclomatic-complexity -MMD -MP -MF"Core/Src/stm32f0xx_hal_msp.d" -MT"Core/Src/stm32f0xx_hal_msp.o" --specs=nano.specs -mfloat-abi=soft -mthumb -o "Core/Src/stm32f0xx_hal_msp.o"
arm-none-eabi-gcc "../Core/Src/stm32f0xx_it.c" -mcpu=cortex-m0 -std=gnu11 -g3 -DDEBUG -DUSE_HAL_DRIVER -DSTM32F051x8 -c -I../Core/Inc -I../Drivers/STM32F0xx_HAL_Driver/Inc -I../Drivers/STM32F0xx_HAL_Driver/Inc/Legacy -I../Drivers/CMSIS/Device/ST/STM32F0xx/Include -I../Drivers/CMSIS/Include -O0 -ffunction-sections -fdata-sections -Wall -fstack-usage -fcyclomatic-complexity -MMD -MP -MF"Core/Src/stm32f0xx_it.d" -MT"Core/Src/stm32f0xx_it.o" --specs=nano.specs -mfloat-abi=soft -mthumb -o "Core/Src/stm32f0xx_it.o"
arm-none-eabi-gcc "../Core/Src/syscalls.c" -mcpu=cortex-m0 -std=gnu11 -g3 -DDEBUG -DUSE_HAL_DRIVER -DSTM32F051x8 -c -I../Core/Inc -I../Drivers/STM32F0xx_HAL_Driver/Inc -I../Drivers/STM32F0xx_HAL_Driver/Inc/Legacy -I../Drivers/CMSIS/Device/ST/STM32F0xx/Include -I../Drivers/CMSIS/Include -O0 -ffunction-sections -fdata-sections -Wall -fstack-usage -fcyclomatic-complexity -MMD -MP -MF"Core/Src/syscalls.d" -MT"Core/Src/syscalls.o" --specs=nano.specs -mfloat-abi=soft -mthumb -o "Core/Src/syscalls.o"
arm-none-eabi-gcc "../Core/Src/sysmem.c" -mcpu=cortex-m0 -std=gnu11 -g3 -DDEBUG -DUSE_HAL_DRIVER -DSTM32F051x8 -c -I../Core/Inc -I../Drivers/STM32F0xx_HAL_Driver/Inc -I../Drivers/STM32F0xx_HAL_Driver/Inc/Legacy -I../Drivers/CMSIS/Device/ST/STM32F0xx/Include -I../Drivers/CMSIS/Include -O0 -ffunction-sections -fdata-sections -Wall -fstack-usage -fcyclomatic-complexity -MMD -MP -MF"Core/Src/sysmem.d" -MT"Core/Src/sysmem.o" --specs=nano.specs -mfloat-abi=soft -mthumb -o "Core/Src/sysmem.o"
arm-none-eabi-gcc "../Core/Src/system_stm32f0xx.c" -mcpu=cortex-m0 -std=gnu11 -g3 -DDEBUG -DUSE_HAL_DRIVER -DSTM32F051x8 -c -I../Core/Inc -I../Drivers/STM32F0xx_HAL_Driver/Inc -I../Drivers/STM32F0xx_HAL_Driver/Inc/Legacy -I../Drivers/CMSIS/Device/ST/STM32F0xx/Include -I../Drivers/CMSIS/Include -O0 -ffunction-sections -fdata-sections -Wall -fstack-usage -fcyclomatic-complexity -MMD -MP -MF"Core/Src/system_stm32f0xx.d" -MT"Core/Src/system_stm32f0xx.o" --specs=nano.specs -mfloat-abi=soft -mthumb -o "Core/Src/system_stm32f0xx.o"
arm-none-eabi-gcc -o "2D-Detumbling-ACS.elf" @"objects.list"   -mcpu=cortex-m0 -T"C:\Users\joest\uni\Einführung in die Elektronik der L und R\2D-Detumbling-ACS\STM32F051R8TX_FLASH.ld" --specs=nosys.specs -Wl,-Map="2D-Detumbling-ACS.map" -Wl,--gc-sections -static --specs=nano.specs -mfloat-abi=soft -mthumb -Wl,--start-group -lc -lm -Wl,--end-group
Finished building target: 2D-Detumbling-ACS.elf
 
arm-none-eabi-size  2D-Detumbling-ACS.elf 
arm-none-eabi-objdump -h -S 2D-Detumbling-ACS.elf  > "2D-Detumbling-ACS.list"
   text	   data	    bss	    dec	    hex	filename
  19164	     12	   1804	  20980	   51f4	2D-Detumbling-ACS.elf
Finished building: default.size.stdout
 
Finished building: 2D-Detumbling-ACS.list
 
13:24:27 **** Incremental Build of configuration Debug for project 2D-Detumbling-ACS ****
make -j8 all 
arm-none-eabi-gcc "../Core/Src/main.c" -mcpu=cortex-m0 -std=gnu11 -g3 -DDEBUG -DUSE_HAL_DRIVER -DSTM32F051x8 -c -I../Core/Inc -I../Drivers/STM32F0xx_HAL_Driver/Inc -I../Drivers/STM32F0xx_HAL_Driver/Inc/Legacy -I../Drivers/CMSIS/Device/ST/STM32F0xx/Include -I../Drivers/CMSIS/Include -O0 -ffunction-sections -fdata-sections -Wall -fstack-usage -fcyclomatic-complexity -MMD -MP -MF"Core/Src/main.d" -MT"Core/Src/main.o" --specs=nano.specs -mfloat-abi=soft -mthumb -o "Core/Src/main.o"
arm-none-eabi-gcc -o "2D-Detumbling-ACS.elf" @"objects.list"   -mcpu=cortex-m0 -T"C:\Users\joest\uni\Einführung in die Elektronik der L und R\2D-Detumbling-ACS\STM32F051R8TX_FLASH.ld" --specs=nosys.specs -Wl,-Map="2D-Detumbling-ACS.map" -Wl,--gc-sections -static --specs=nano.specs -mfloat-abi=soft -mthumb -Wl,--start-group -lc -lm -Wl,--end-group
Finished building target: 2D-Detumbling-ACS.elf
 
arm-none-eabi-size  2D-Detumbling-ACS.elf 
arm-none-eabi-objdump -h -S 2D-Detumbling-ACS.elf  > "2D-Detumbling-ACS.list"
   text	   data	    bss	    dec	    hex	filename
  19164	     12	   1804	  20980	   51f4	2D-Detumbling-ACS.elf
Finished building: default.size.stdout
 
Finished building: 2D-Detumbling-ACS.list
 
13:31:39 **** Incremental Build of configuration Debug for project 2D-Detumbling-ACS ****
make -j8 all 
arm-none-eabi-gcc "../Core/Src/main.c" -mcpu=cortex-m0 -std=gnu11 -g3 -DDEBUG -DUSE_HAL_DRIVER -DSTM32F051x8 -c -I../Core/Inc -I../Drivers/STM32F0xx_HAL_Driver/Inc -I../Drivers/STM32F0xx_HAL_Driver/Inc/Legacy -I../Drivers/CMSIS/Device/ST/STM32F0xx/Include -I../Drivers/CMSIS/Include -O0 -ffunction-sections -fdata-sections -Wall -fstack-usage -fcyclomatic-complexity -MMD -MP -MF"Core/Src/main.d" -MT"Core/Src/main.o" --specs=nano.specs -mfloat-abi=soft -mthumb -o "Core/Src/main.o"
arm-none-eabi-gcc -o "2D-Detumbling-ACS.elf" @"objects.list"   -mcpu=cortex-m0 -T"C:\Users\joest\uni\Einführung in die Elektronik der L und R\2D-Detumbling-ACS\STM32F051R8TX_FLASH.ld" --specs=nosys.specs -Wl,-Map="2D-Detumbling-ACS.map" -Wl,--gc-sections -static --specs=nano.specs -mfloat-abi=soft -mthumb -Wl,--start-group -lc -lm -Wl,--end-group
Finished building target: 2D-Detumbling-ACS.elf
 
arm-none-eabi-size  2D-Detumbling-ACS.elf 
arm-none-eabi-objdump -h -S 2D-Detumbling-ACS.elf  > "2D-Detumbling-ACS.list"
   text	   data	    bss	    dec	    hex	filename
  18716	     12	   1804	  20532	   5034	2D-Detumbling-ACS.elf
Finished building: default.size.stdout
 
Finished building: 2D-Detumbling-ACS.list
 
13:36:29 **** Incremental Build of configuration Debug for project 2D-Detumbling-ACS ****
make -j8 all 
arm-none-eabi-gcc "../Core/Src/main.c" -mcpu=cortex-m0 -std=gnu11 -g3 -DDEBUG -DUSE_HAL_DRIVER -DSTM32F051x8 -c -I../Core/Inc -I../Drivers/STM32F0xx_HAL_Driver/Inc -I../Drivers/STM32F0xx_HAL_Driver/Inc/Legacy -I../Drivers/CMSIS/Device/ST/STM32F0xx/Include -I../Drivers/CMSIS/Include -O0 -ffunction-sections -fdata-sections -Wall -fstack-usage -fcyclomatic-complexity -MMD -MP -MF"Core/Src/main.d" -MT"Core/Src/main.o" --specs=nano.specs -mfloat-abi=soft -mthumb -o "Core/Src/main.o"
arm-none-eabi-gcc -o "2D-Detumbling-ACS.elf" @"objects.list"   -mcpu=cortex-m0 -T"C:\Users\joest\uni\Einführung in die Elektronik der L und R\2D-Detumbling-ACS\STM32F051R8TX_FLASH.ld" --specs=nosys.specs -Wl,-Map="2D-Detumbling-ACS.map" -Wl,--gc-sections -static --specs=nano.specs -mfloat-abi=soft -mthumb -Wl,--start-group -lc -lm -Wl,--end-group
Finished building target: 2D-Detumbling-ACS.elf
 
arm-none-eabi-size  2D-Detumbling-ACS.elf 
arm-none-eabi-objdump -h -S 2D-Detumbling-ACS.elf  > "2D-Detumbling-ACS.list"
   text	   data	    bss	    dec	    hex	filename
  19164	     12	   1804	  20980	   51f4	2D-Detumbling-ACS.elf
Finished building: default.size.stdout
 
Finished building: 2D-Detumbling-ACS.list
 
13:40:41 **** Incremental Build of configuration Debug for project 2D-Detumbling-ACS ****
make -j8 all 
arm-none-eabi-size  2D-Detumbling-ACS.elf 
   text	   data	    bss	    dec	    hex	filename
  19164	     12	   1804	  20980	   51f4	2D-Detumbling-ACS.elf
Finished building: default.size.stdout
 
13:41:49 **** Incremental Build of configuration Debug for project 2D-Detumbling-ACS ****
make -j8 all 
arm-none-eabi-size  2D-Detumbling-ACS.elf 
   text	   data	    bss	    dec	    hex	filename
  19164	     12	   1804	  20980	   51f4	2D-Detumbling-ACS.elf
Finished building: default.size.stdout
 
13:59:53 **** Incremental Build of configuration Debug for project 2D-Detumbling-ACS ****
make -j8 all 
arm-none-eabi-gcc "../Core/Src/main.c" -mcpu=cortex-m0 -std=gnu11 -g3 -DDEBUG -DUSE_HAL_DRIVER -DSTM32F051x8 -c -I../Core/Inc -I../Drivers/STM32F0xx_HAL_Driver/Inc -I../Drivers/STM32F0xx_HAL_Driver/Inc/Legacy -I../Drivers/CMSIS/Device/ST/STM32F0xx/Include -I../Drivers/CMSIS/Include -O0 -ffunction-sections -fdata-sections -Wall -fstack-usage -fcyclomatic-complexity -MMD -MP -MF"Core/Src/main.d" -MT"Core/Src/main.o" --specs=nano.specs -mfloat-abi=soft -mthumb -o "Core/Src/main.o"
arm-none-eabi-gcc -o "2D-Detumbling-ACS.elf" @"objects.list"   -mcpu=cortex-m0 -T"C:\Users\joest\uni\Einführung in die Elektronik der L und R\2D-Detumbling-ACS\STM32F051R8TX_FLASH.ld" --specs=nosys.specs -Wl,-Map="2D-Detumbling-ACS.map" -Wl,--gc-sections -static --specs=nano.specs -mfloat-abi=soft -mthumb -Wl,--start-group -lc -lm -Wl,--end-group
Finished building target: 2D-Detumbling-ACS.elf
 
arm-none-eabi-size  2D-Detumbling-ACS.elf 
arm-none-eabi-objdump -h -S 2D-Detumbling-ACS.elf  > "2D-Detumbling-ACS.list"
   text	   data	    bss	    dec	    hex	filename
  19024	     12	   1804	  20840	   5168	2D-Detumbling-ACS.elf
Finished building: default.size.stdout
 
Finished building: 2D-Detumbling-ACS.list
 
14:07:19 **** Incremental Build of configuration Debug for project 2D-Detumbling-ACS ****
make -j8 all 
arm-none-eabi-gcc "../Core/Src/main.c" -mcpu=cortex-m0 -std=gnu11 -g3 -DDEBUG -DUSE_HAL_DRIVER -DSTM32F051x8 -c -I../Core/Inc -I../Drivers/STM32F0xx_HAL_Driver/Inc -I../Drivers/STM32F0xx_HAL_Driver/Inc/Legacy -I../Drivers/CMSIS/Device/ST/STM32F0xx/Include -I../Drivers/CMSIS/Include -O0 -ffunction-sections -fdata-sections -Wall -fstack-usage -fcyclomatic-complexity -MMD -MP -MF"Core/Src/main.d" -MT"Core/Src/main.o" --specs=nano.specs -mfloat-abi=soft -mthumb -o "Core/Src/main.o"
arm-none-eabi-gcc -o "2D-Detumbling-ACS.elf" @"objects.list"   -mcpu=cortex-m0 -T"C:\Users\joest\uni\Einführung in die Elektronik der L und R\2D-Detumbling-ACS\STM32F051R8TX_FLASH.ld" --specs=nosys.specs -Wl,-Map="2D-Detumbling-ACS.map" -Wl,--gc-sections -static --specs=nano.specs -mfloat-abi=soft -mthumb -Wl,--start-group -lc -lm -Wl,--end-group
Finished building target: 2D-Detumbling-ACS.elf
 
arm-none-eabi-size  2D-Detumbling-ACS.elf 
arm-none-eabi-objdump -h -S 2D-Detumbling-ACS.elf  > "2D-Detumbling-ACS.list"
   text	   data	    bss	    dec	    hex	filename
  19016	     12	   1804	  20832	   5160	2D-Detumbling-ACS.elf
Finished building: default.size.stdout
 
Finished building: 2D-Detumbling-ACS.list
 
14:13:19 **** Incremental Build of configuration Debug for project 2D-Detumbling-ACS ****
make -j8 all 
arm-none-eabi-size  2D-Detumbling-ACS.elf 
   text	   data	    bss	    dec	    hex	filename
  19016	     12	   1804	  20832	   5160	2D-Detumbling-ACS.elf
Finished building: default.size.stdout
 
14:28:41 **** Incremental Build of configuration Debug for project 2D-Detumbling-ACS ****
make -j8 all 
arm-none-eabi-gcc "../Core/Src/main.c" -mcpu=cortex-m0 -std=gnu11 -g3 -DDEBUG -DUSE_HAL_DRIVER -DSTM32F051x8 -c -I../Core/Inc -I../Drivers/STM32F0xx_HAL_Driver/Inc -I../Drivers/STM32F0xx_HAL_Driver/Inc/Legacy -I../Drivers/CMSIS/Device/ST/STM32F0xx/Include -I../Drivers/CMSIS/Include -O0 -ffunction-sections -fdata-sections -Wall -fstack-usage -fcyclomatic-complexity -MMD -MP -MF"Core/Src/main.d" -MT"Core/Src/main.o" --specs=nano.specs -mfloat-abi=soft -mthumb -o "Core/Src/main.o"
arm-none-eabi-gcc -o "2D-Detumbling-ACS.elf" @"objects.list"   -mcpu=cortex-m0 -T"C:\Users\joest\uni\Einführung in die Elektronik der L und R\2D-Detumbling-ACS\STM32F051R8TX_FLASH.ld" --specs=nosys.specs -Wl,-Map="2D-Detumbling-ACS.map" -Wl,--gc-sections -static --specs=nano.specs -mfloat-abi=soft -mthumb -Wl,--start-group -lc -lm -Wl,--end-group
Finished building target: 2D-Detumbling-ACS.elf
 
arm-none-eabi-size  2D-Detumbling-ACS.elf 
arm-none-eabi-objdump -h -S 2D-Detumbling-ACS.elf  > "2D-Detumbling-ACS.list"
   text	   data	    bss	    dec	    hex	filename
  21108	     12	   1812	  22932	   5994	2D-Detumbling-ACS.elf
Finished building: default.size.stdout
 
Finished building: 2D-Detumbling-ACS.list
 
14:42:54 **** Incremental Build of configuration Debug for project 2D-Detumbling-ACS ****
make -j8 all 
arm-none-eabi-gcc "../Core/Src/main.c" -mcpu=cortex-m0 -std=gnu11 -g3 -DDEBUG -DUSE_HAL_DRIVER -DSTM32F051x8 -c -I../Core/Inc -I../Drivers/STM32F0xx_HAL_Driver/Inc -I../Drivers/STM32F0xx_HAL_Driver/Inc/Legacy -I../Drivers/CMSIS/Device/ST/STM32F0xx/Include -I../Drivers/CMSIS/Include -O0 -ffunction-sections -fdata-sections -Wall -fstack-usage -fcyclomatic-complexity -MMD -MP -MF"Core/Src/main.d" -MT"Core/Src/main.o" --specs=nano.specs -mfloat-abi=soft -mthumb -o "Core/Src/main.o"
arm-none-eabi-gcc -o "2D-Detumbling-ACS.elf" @"objects.list"   -mcpu=cortex-m0 -T"C:\Users\joest\uni\Einführung in die Elektronik der L und R\2D-Detumbling-ACS\STM32F051R8TX_FLASH.ld" --specs=nosys.specs -Wl,-Map="2D-Detumbling-ACS.map" -Wl,--gc-sections -static --specs=nano.specs -mfloat-abi=soft -mthumb -Wl,--start-group -lc -lm -Wl,--end-group
Finished building target: 2D-Detumbling-ACS.elf
 
arm-none-eabi-size  2D-Detumbling-ACS.elf 
arm-none-eabi-objdump -h -S 2D-Detumbling-ACS.elf  > "2D-Detumbling-ACS.list"
   text	   data	    bss	    dec	    hex	filename
  21108	     12	   1812	  22932	   5994	2D-Detumbling-ACS.elf
Finished building: default.size.stdout
 
Finished building: 2D-Detumbling-ACS.list
 
14:43:50 **** Incremental Build of configuration Debug for project 2D-Detumbling-ACS ****
make -j8 all 
arm-none-eabi-gcc "../Core/Src/main.c" -mcpu=cortex-m0 -std=gnu11 -g3 -DDEBUG -DUSE_HAL_DRIVER -DSTM32F051x8 -c -I../Core/Inc -I../Drivers/STM32F0xx_HAL_Driver/Inc -I../Drivers/STM32F0xx_HAL_Driver/Inc/Legacy -I../Drivers/CMSIS/Device/ST/STM32F0xx/Include -I../Drivers/CMSIS/Include -O0 -ffunction-sections -fdata-sections -Wall -fstack-usage -fcyclomatic-complexity -MMD -MP -MF"Core/Src/main.d" -MT"Core/Src/main.o" --specs=nano.specs -mfloat-abi=soft -mthumb -o "Core/Src/main.o"
arm-none-eabi-gcc -o "2D-Detumbling-ACS.elf" @"objects.list"   -mcpu=cortex-m0 -T"C:\Users\joest\uni\Einführung in die Elektronik der L und R\2D-Detumbling-ACS\STM32F051R8TX_FLASH.ld" --specs=nosys.specs -Wl,-Map="2D-Detumbling-ACS.map" -Wl,--gc-sections -static --specs=nano.specs -mfloat-abi=soft -mthumb -Wl,--start-group -lc -lm -Wl,--end-group
Finished building target: 2D-Detumbling-ACS.elf
 
arm-none-eabi-size  2D-Detumbling-ACS.elf 
arm-none-eabi-objdump -h -S 2D-Detumbling-ACS.elf  > "2D-Detumbling-ACS.list"
   text	   data	    bss	    dec	    hex	filename
  21104	     12	   1812	  22928	   5990	2D-Detumbling-ACS.elf
Finished building: default.size.stdout
 
Finished building: 2D-Detumbling-ACS.list
 
14:45:10 **** Incremental Build of configuration Debug for project 2D-Detumbling-ACS ****
make -j8 all 
arm-none-eabi-gcc "../Core/Src/main.c" -mcpu=cortex-m0 -std=gnu11 -g3 -DDEBUG -DUSE_HAL_DRIVER -DSTM32F051x8 -c -I../Core/Inc -I../Drivers/STM32F0xx_HAL_Driver/Inc -I../Drivers/STM32F0xx_HAL_Driver/Inc/Legacy -I../Drivers/CMSIS/Device/ST/STM32F0xx/Include -I../Drivers/CMSIS/Include -O0 -ffunction-sections -fdata-sections -Wall -fstack-usage -fcyclomatic-complexity -MMD -MP -MF"Core/Src/main.d" -MT"Core/Src/main.o" --specs=nano.specs -mfloat-abi=soft -mthumb -o "Core/Src/main.o"
arm-none-eabi-gcc -o "2D-Detumbling-ACS.elf" @"objects.list"   -mcpu=cortex-m0 -T"C:\Users\joest\uni\Einführung in die Elektronik der L und R\2D-Detumbling-ACS\STM32F051R8TX_FLASH.ld" --specs=nosys.specs -Wl,-Map="2D-Detumbling-ACS.map" -Wl,--gc-sections -static --specs=nano.specs -mfloat-abi=soft -mthumb -Wl,--start-group -lc -lm -Wl,--end-group
Finished building target: 2D-Detumbling-ACS.elf
 
arm-none-eabi-size  2D-Detumbling-ACS.elf 
arm-none-eabi-objdump -h -S 2D-Detumbling-ACS.elf  > "2D-Detumbling-ACS.list"
   text	   data	    bss	    dec	    hex	filename
  21104	     12	   1812	  22928	   5990	2D-Detumbling-ACS.elf
Finished building: default.size.stdout
 
Finished building: 2D-Detumbling-ACS.list
 
14:46:44 **** Incremental Build of configuration Debug for project 2D-Detumbling-ACS ****
make -j8 all 
arm-none-eabi-gcc "../Core/Src/main.c" -mcpu=cortex-m0 -std=gnu11 -g3 -DDEBUG -DUSE_HAL_DRIVER -DSTM32F051x8 -c -I../Core/Inc -I../Drivers/STM32F0xx_HAL_Driver/Inc -I../Drivers/STM32F0xx_HAL_Driver/Inc/Legacy -I../Drivers/CMSIS/Device/ST/STM32F0xx/Include -I../Drivers/CMSIS/Include -O0 -ffunction-sections -fdata-sections -Wall -fstack-usage -fcyclomatic-complexity -MMD -MP -MF"Core/Src/main.d" -MT"Core/Src/main.o" --specs=nano.specs -mfloat-abi=soft -mthumb -o "Core/Src/main.o"
arm-none-eabi-gcc -o "2D-Detumbling-ACS.elf" @"objects.list"   -mcpu=cortex-m0 -T"C:\Users\joest\uni\Einführung in die Elektronik der L und R\2D-Detumbling-ACS\STM32F051R8TX_FLASH.ld" --specs=nosys.specs -Wl,-Map="2D-Detumbling-ACS.map" -Wl,--gc-sections -static --specs=nano.specs -mfloat-abi=soft -mthumb -Wl,--start-group -lc -lm -Wl,--end-group
Finished building target: 2D-Detumbling-ACS.elf
 
arm-none-eabi-size  2D-Detumbling-ACS.elf 
arm-none-eabi-objdump -h -S 2D-Detumbling-ACS.elf  > "2D-Detumbling-ACS.list"
   text	   data	    bss	    dec	    hex	filename
  21108	     12	   1812	  22932	   5994	2D-Detumbling-ACS.elf
Finished building: default.size.stdout
 
Finished building: 2D-Detumbling-ACS.list
 
10:26:35 **** Incremental Build of configuration Debug for project 2D-Detumbling-ACS ****
make -j8 all 
arm-none-eabi-gcc "../Core/Src/main.c" -mcpu=cortex-m0 -std=gnu11 -g3 -DDEBUG -DUSE_HAL_DRIVER -DSTM32F051x8 -c -I../Core/Inc -I../Drivers/STM32F0xx_HAL_Driver/Inc -I../Drivers/STM32F0xx_HAL_Driver/Inc/Legacy -I../Drivers/CMSIS/Device/ST/STM32F0xx/Include -I../Drivers/CMSIS/Include -O0 -ffunction-sections -fdata-sections -Wall -fstack-usage -fcyclomatic-complexity -MMD -MP -MF"Core/Src/main.d" -MT"Core/Src/main.o" --specs=nano.specs -mfloat-abi=soft -mthumb -o "Core/Src/main.o"
arm-none-eabi-gcc -o "2D-Detumbling-ACS.elf" @"objects.list"   -mcpu=cortex-m0 -T"C:\Users\joest\uni\Einführung in die Elektronik der L und R\2D-Detumbling-ACS\STM32F051R8TX_FLASH.ld" --specs=nosys.specs -Wl,-Map="2D-Detumbling-ACS.map" -Wl,--gc-sections -static --specs=nano.specs -mfloat-abi=soft -mthumb -Wl,--start-group -lc -lm -Wl,--end-group
Finished building target: 2D-Detumbling-ACS.elf
 
arm-none-eabi-size  2D-Detumbling-ACS.elf 
arm-none-eabi-objdump -h -S 2D-Detumbling-ACS.elf  > "2D-Detumbling-ACS.list"
   text	   data	    bss	    dec	    hex	filename
  21120	     12	   1812	  22944	   59a0	2D-Detumbling-ACS.elf
Finished building: default.size.stdout
 
Finished building: 2D-Detumbling-ACS.list
 
10:30:09 **** Incremental Build of configuration Debug for project 2D-Detumbling-ACS ****
make -j8 all 
arm-none-eabi-gcc "../Core/Src/main.c" -mcpu=cortex-m0 -std=gnu11 -g3 -DDEBUG -DUSE_HAL_DRIVER -DSTM32F051x8 -c -I../Core/Inc -I../Drivers/STM32F0xx_HAL_Driver/Inc -I../Drivers/STM32F0xx_HAL_Driver/Inc/Legacy -I../Drivers/CMSIS/Device/ST/STM32F0xx/Include -I../Drivers/CMSIS/Include -O0 -ffunction-sections -fdata-sections -Wall -fstack-usage -fcyclomatic-complexity -MMD -MP -MF"Core/Src/main.d" -MT"Core/Src/main.o" --specs=nano.specs -mfloat-abi=soft -mthumb -o "Core/Src/main.o"
arm-none-eabi-gcc -o "2D-Detumbling-ACS.elf" @"objects.list"   -mcpu=cortex-m0 -T"C:\Users\joest\uni\Einführung in die Elektronik der L und R\2D-Detumbling-ACS\STM32F051R8TX_FLASH.ld" --specs=nosys.specs -Wl,-Map="2D-Detumbling-ACS.map" -Wl,--gc-sections -static --specs=nano.specs -mfloat-abi=soft -mthumb -Wl,--start-group -lc -lm -Wl,--end-group
Finished building target: 2D-Detumbling-ACS.elf
 
arm-none-eabi-size  2D-Detumbling-ACS.elf 
arm-none-eabi-objdump -h -S 2D-Detumbling-ACS.elf  > "2D-Detumbling-ACS.list"
   text	   data	    bss	    dec	    hex	filename
  21116	     12	   1812	  22940	   599c	2D-Detumbling-ACS.elf
Finished building: default.size.stdout
 
Finished building: 2D-Detumbling-ACS.list
 
11:14:17 **** Incremental Build of configuration Debug for project 2D-Detumbling-ACS ****
make -j8 all 
arm-none-eabi-gcc "../Core/Src/main.c" -mcpu=cortex-m0 -std=gnu11 -g3 -DDEBUG -DUSE_HAL_DRIVER -DSTM32F051x8 -c -I../Core/Inc -I../Drivers/STM32F0xx_HAL_Driver/Inc -I../Drivers/STM32F0xx_HAL_Driver/Inc/Legacy -I../Drivers/CMSIS/Device/ST/STM32F0xx/Include -I../Drivers/CMSIS/Include -O0 -ffunction-sections -fdata-sections -Wall -fstack-usage -fcyclomatic-complexity -MMD -MP -MF"Core/Src/main.d" -MT"Core/Src/main.o" --specs=nano.specs -mfloat-abi=soft -mthumb -o "Core/Src/main.o"
arm-none-eabi-gcc -o "2D-Detumbling-ACS.elf" @"objects.list"   -mcpu=cortex-m0 -T"C:\Users\joest\uni\Einführung in die Elektronik der L und R\2D-Detumbling-ACS\STM32F051R8TX_FLASH.ld" --specs=nosys.specs -Wl,-Map="2D-Detumbling-ACS.map" -Wl,--gc-sections -static --specs=nano.specs -mfloat-abi=soft -mthumb -Wl,--start-group -lc -lm -Wl,--end-group
Finished building target: 2D-Detumbling-ACS.elf
 
arm-none-eabi-size  2D-Detumbling-ACS.elf 
arm-none-eabi-objdump -h -S 2D-Detumbling-ACS.elf  > "2D-Detumbling-ACS.list"
   text	   data	    bss	    dec	    hex	filename
  19852	     12	   1812	  21676	   54ac	2D-Detumbling-ACS.elf
Finished building: default.size.stdout
 
Finished building: 2D-Detumbling-ACS.list
 
11:34:58 **** Incremental Build of configuration Debug for project 2D-Detumbling-ACS ****
make -j8 all 
arm-none-eabi-size  2D-Detumbling-ACS.elf 
   text	   data	    bss	    dec	    hex	filename
  19852	     12	   1812	  21676	   54ac	2D-Detumbling-ACS.elf
Finished building: default.size.stdout
 
11:40:36 **** Incremental Build of configuration Debug for project 2D-Detumbling-ACS ****
make -j8 all 
arm-none-eabi-size  2D-Detumbling-ACS.elf 
   text	   data	    bss	    dec	    hex	filename
  19852	     12	   1812	  21676	   54ac	2D-Detumbling-ACS.elf
Finished building: default.size.stdout
 
11:46:16 **** Incremental Build of configuration Debug for project 2D-Detumbling-ACS ****
make -j8 all 
arm-none-eabi-gcc "../Core/Src/main.c" -mcpu=cortex-m0 -std=gnu11 -g3 -DDEBUG -DUSE_HAL_DRIVER -DSTM32F051x8 -c -I../Core/Inc -I../Drivers/STM32F0xx_HAL_Driver/Inc -I../Drivers/STM32F0xx_HAL_Driver/Inc/Legacy -I../Drivers/CMSIS/Device/ST/STM32F0xx/Include -I../Drivers/CMSIS/Include -O0 -ffunction-sections -fdata-sections -Wall -fstack-usage -fcyclomatic-complexity -MMD -MP -MF"Core/Src/main.d" -MT"Core/Src/main.o" --specs=nano.specs -mfloat-abi=soft -mthumb -o "Core/Src/main.o"
arm-none-eabi-gcc -o "2D-Detumbling-ACS.elf" @"objects.list"   -mcpu=cortex-m0 -T"C:\Users\joest\uni\Einführung in die Elektronik der L und R\2D-Detumbling-ACS\STM32F051R8TX_FLASH.ld" --specs=nosys.specs -Wl,-Map="2D-Detumbling-ACS.map" -Wl,--gc-sections -static --specs=nano.specs -mfloat-abi=soft -mthumb -Wl,--start-group -lc -lm -Wl,--end-group
Finished building target: 2D-Detumbling-ACS.elf
 
arm-none-eabi-size  2D-Detumbling-ACS.elf 
arm-none-eabi-objdump -h -S 2D-Detumbling-ACS.elf  > "2D-Detumbling-ACS.list"
   text	   data	    bss	    dec	    hex	filename
  19852	     12	   1812	  21676	   54ac	2D-Detumbling-ACS.elf
Finished building: default.size.stdout
 
Finished building: 2D-Detumbling-ACS.list
 
11:49:02 **** Incremental Build of configuration Debug for project 2D-Detumbling-ACS ****
make -j8 all 
arm-none-eabi-gcc "../Core/Src/main.c" -mcpu=cortex-m0 -std=gnu11 -g3 -DDEBUG -DUSE_HAL_DRIVER -DSTM32F051x8 -c -I../Core/Inc -I../Drivers/STM32F0xx_HAL_Driver/Inc -I../Drivers/STM32F0xx_HAL_Driver/Inc/Legacy -I../Drivers/CMSIS/Device/ST/STM32F0xx/Include -I../Drivers/CMSIS/Include -O0 -ffunction-sections -fdata-sections -Wall -fstack-usage -fcyclomatic-complexity -MMD -MP -MF"Core/Src/main.d" -MT"Core/Src/main.o" --specs=nano.specs -mfloat-abi=soft -mthumb -o "Core/Src/main.o"
arm-none-eabi-gcc -o "2D-Detumbling-ACS.elf" @"objects.list"   -mcpu=cortex-m0 -T"C:\Users\joest\uni\Einführung in die Elektronik der L und R\2D-Detumbling-ACS\STM32F051R8TX_FLASH.ld" --specs=nosys.specs -Wl,-Map="2D-Detumbling-ACS.map" -Wl,--gc-sections -static --specs=nano.specs -mfloat-abi=soft -mthumb -Wl,--start-group -lc -lm -Wl,--end-group
Finished building target: 2D-Detumbling-ACS.elf
 
arm-none-eabi-size  2D-Detumbling-ACS.elf 
arm-none-eabi-objdump -h -S 2D-Detumbling-ACS.elf  > "2D-Detumbling-ACS.list"
   text	   data	    bss	    dec	    hex	filename
  19896	     12	   1812	  21720	   54d8	2D-Detumbling-ACS.elf
Finished building: default.size.stdout
 
Finished building: 2D-Detumbling-ACS.list
 
11:59:48 **** Incremental Build of configuration Debug for project 2D-Detumbling-ACS ****
make -j8 all 
arm-none-eabi-gcc "../Core/Src/main.c" -mcpu=cortex-m0 -std=gnu11 -g3 -DDEBUG -DUSE_HAL_DRIVER -DSTM32F051x8 -c -I../Core/Inc -I../Drivers/STM32F0xx_HAL_Driver/Inc -I../Drivers/STM32F0xx_HAL_Driver/Inc/Legacy -I../Drivers/CMSIS/Device/ST/STM32F0xx/Include -I../Drivers/CMSIS/Include -O0 -ffunction-sections -fdata-sections -Wall -fstack-usage -fcyclomatic-complexity -MMD -MP -MF"Core/Src/main.d" -MT"Core/Src/main.o" --specs=nano.specs -mfloat-abi=soft -mthumb -o "Core/Src/main.o"
arm-none-eabi-gcc -o "2D-Detumbling-ACS.elf" @"objects.list"   -mcpu=cortex-m0 -T"C:\Users\joest\uni\Einführung in die Elektronik der L und R\2D-Detumbling-ACS\STM32F051R8TX_FLASH.ld" --specs=nosys.specs -Wl,-Map="2D-Detumbling-ACS.map" -Wl,--gc-sections -static --specs=nano.specs -mfloat-abi=soft -mthumb -Wl,--start-group -lc -lm -Wl,--end-group
Finished building target: 2D-Detumbling-ACS.elf
 
arm-none-eabi-size  2D-Detumbling-ACS.elf 
arm-none-eabi-objdump -h -S 2D-Detumbling-ACS.elf  > "2D-Detumbling-ACS.list"
   text	   data	    bss	    dec	    hex	filename
  20016	     12	   1812	  21840	   5550	2D-Detumbling-ACS.elf
Finished building: default.size.stdout
 
Finished building: 2D-Detumbling-ACS.list
 
12:06:26 **** Incremental Build of configuration Debug for project 2D-Detumbling-ACS ****
make -j8 all 
arm-none-eabi-gcc "../Core/Src/main.c" -mcpu=cortex-m0 -std=gnu11 -g3 -DDEBUG -DUSE_HAL_DRIVER -DSTM32F051x8 -c -I../Core/Inc -I../Drivers/STM32F0xx_HAL_Driver/Inc -I../Drivers/STM32F0xx_HAL_Driver/Inc/Legacy -I../Drivers/CMSIS/Device/ST/STM32F0xx/Include -I../Drivers/CMSIS/Include -O0 -ffunction-sections -fdata-sections -Wall -fstack-usage -fcyclomatic-complexity -MMD -MP -MF"Core/Src/main.d" -MT"Core/Src/main.o" --specs=nano.specs -mfloat-abi=soft -mthumb -o "Core/Src/main.o"
arm-none-eabi-gcc -o "2D-Detumbling-ACS.elf" @"objects.list"   -mcpu=cortex-m0 -T"C:\Users\joest\uni\Einführung in die Elektronik der L und R\2D-Detumbling-ACS\STM32F051R8TX_FLASH.ld" --specs=nosys.specs -Wl,-Map="2D-Detumbling-ACS.map" -Wl,--gc-sections -static --specs=nano.specs -mfloat-abi=soft -mthumb -Wl,--start-group -lc -lm -Wl,--end-group
Finished building target: 2D-Detumbling-ACS.elf
 
arm-none-eabi-size  2D-Detumbling-ACS.elf 
arm-none-eabi-objdump -h -S 2D-Detumbling-ACS.elf  > "2D-Detumbling-ACS.list"
   text	   data	    bss	    dec	    hex	filename
  19972	     12	   1812	  21796	   5524	2D-Detumbling-ACS.elf
Finished building: default.size.stdout
 
Finished building: 2D-Detumbling-ACS.list
 
12:09:14 **** Incremental Build of configuration Debug for project 2D-Detumbling-ACS ****
make -j8 all 
arm-none-eabi-gcc "../Core/Src/main.c" -mcpu=cortex-m0 -std=gnu11 -g3 -DDEBUG -DUSE_HAL_DRIVER -DSTM32F051x8 -c -I../Core/Inc -I../Drivers/STM32F0xx_HAL_Driver/Inc -I../Drivers/STM32F0xx_HAL_Driver/Inc/Legacy -I../Drivers/CMSIS/Device/ST/STM32F0xx/Include -I../Drivers/CMSIS/Include -O0 -ffunction-sections -fdata-sections -Wall -fstack-usage -fcyclomatic-complexity -MMD -MP -MF"Core/Src/main.d" -MT"Core/Src/main.o" --specs=nano.specs -mfloat-abi=soft -mthumb -o "Core/Src/main.o"
arm-none-eabi-gcc -o "2D-Detumbling-ACS.elf" @"objects.list"   -mcpu=cortex-m0 -T"C:\Users\joest\uni\Einführung in die Elektronik der L und R\2D-Detumbling-ACS\STM32F051R8TX_FLASH.ld" --specs=nosys.specs -Wl,-Map="2D-Detumbling-ACS.map" -Wl,--gc-sections -static --specs=nano.specs -mfloat-abi=soft -mthumb -Wl,--start-group -lc -lm -Wl,--end-group
Finished building target: 2D-Detumbling-ACS.elf
 
arm-none-eabi-size  2D-Detumbling-ACS.elf 
arm-none-eabi-objdump -h -S 2D-Detumbling-ACS.elf  > "2D-Detumbling-ACS.list"
   text	   data	    bss	    dec	    hex	filename
  19992	     12	   1812	  21816	   5538	2D-Detumbling-ACS.elf
Finished building: default.size.stdout
 
Finished building: 2D-Detumbling-ACS.list
 
12:13:10 **** Incremental Build of configuration Debug for project 2D-Detumbling-ACS ****
make -j8 all 
arm-none-eabi-gcc "../Core/Src/main.c" -mcpu=cortex-m0 -std=gnu11 -g3 -DDEBUG -DUSE_HAL_DRIVER -DSTM32F051x8 -c -I../Core/Inc -I../Drivers/STM32F0xx_HAL_Driver/Inc -I../Drivers/STM32F0xx_HAL_Driver/Inc/Legacy -I../Drivers/CMSIS/Device/ST/STM32F0xx/Include -I../Drivers/CMSIS/Include -O0 -ffunction-sections -fdata-sections -Wall -fstack-usage -fcyclomatic-complexity -MMD -MP -MF"Core/Src/main.d" -MT"Core/Src/main.o" --specs=nano.specs -mfloat-abi=soft -mthumb -o "Core/Src/main.o"
arm-none-eabi-gcc -o "2D-Detumbling-ACS.elf" @"objects.list"   -mcpu=cortex-m0 -T"C:\Users\joest\uni\Einführung in die Elektronik der L und R\2D-Detumbling-ACS\STM32F051R8TX_FLASH.ld" --specs=nosys.specs -Wl,-Map="2D-Detumbling-ACS.map" -Wl,--gc-sections -static --specs=nano.specs -mfloat-abi=soft -mthumb -Wl,--start-group -lc -lm -Wl,--end-group
Finished building target: 2D-Detumbling-ACS.elf
 
arm-none-eabi-size  2D-Detumbling-ACS.elf 
arm-none-eabi-objdump -h -S 2D-Detumbling-ACS.elf  > "2D-Detumbling-ACS.list"
   text	   data	    bss	    dec	    hex	filename
  19992	     12	   1812	  21816	   5538	2D-Detumbling-ACS.elf
Finished building: default.size.stdout
 
Finished building: 2D-Detumbling-ACS.list
 
12:32:01 **** Incremental Build of configuration Debug for project 2D-Detumbling-ACS ****
make -j8 all 
arm-none-eabi-gcc "../Core/Src/main.c" -mcpu=cortex-m0 -std=gnu11 -g3 -DDEBUG -DUSE_HAL_DRIVER -DSTM32F051x8 -c -I../Core/Inc -I../Drivers/STM32F0xx_HAL_Driver/Inc -I../Drivers/STM32F0xx_HAL_Driver/Inc/Legacy -I../Drivers/CMSIS/Device/ST/STM32F0xx/Include -I../Drivers/CMSIS/Include -O0 -ffunction-sections -fdata-sections -Wall -fstack-usage -fcyclomatic-complexity -MMD -MP -MF"Core/Src/main.d" -MT"Core/Src/main.o" --specs=nano.specs -mfloat-abi=soft -mthumb -o "Core/Src/main.o"
arm-none-eabi-gcc -o "2D-Detumbling-ACS.elf" @"objects.list"   -mcpu=cortex-m0 -T"C:\Users\joest\uni\Einführung in die Elektronik der L und R\2D-Detumbling-ACS\STM32F051R8TX_FLASH.ld" --specs=nosys.specs -Wl,-Map="2D-Detumbling-ACS.map" -Wl,--gc-sections -static --specs=nano.specs -mfloat-abi=soft -mthumb -Wl,--start-group -lc -lm -Wl,--end-group
Finished building target: 2D-Detumbling-ACS.elf
 
arm-none-eabi-size  2D-Detumbling-ACS.elf 
arm-none-eabi-objdump -h -S 2D-Detumbling-ACS.elf  > "2D-Detumbling-ACS.list"
   text	   data	    bss	    dec	    hex	filename
  20012	     12	   1812	  21836	   554c	2D-Detumbling-ACS.elf
Finished building: default.size.stdout
 
Finished building: 2D-Detumbling-ACS.list
 
12:35:27 **** Incremental Build of configuration Debug for project 2D-Detumbling-ACS ****
make -j8 all 
arm-none-eabi-gcc "../Core/Src/main.c" -mcpu=cortex-m0 -std=gnu11 -g3 -DDEBUG -DUSE_HAL_DRIVER -DSTM32F051x8 -c -I../Core/Inc -I../Drivers/STM32F0xx_HAL_Driver/Inc -I../Drivers/STM32F0xx_HAL_Driver/Inc/Legacy -I../Drivers/CMSIS/Device/ST/STM32F0xx/Include -I../Drivers/CMSIS/Include -O0 -ffunction-sections -fdata-sections -Wall -fstack-usage -fcyclomatic-complexity -MMD -MP -MF"Core/Src/main.d" -MT"Core/Src/main.o" --specs=nano.specs -mfloat-abi=soft -mthumb -o "Core/Src/main.o"
arm-none-eabi-gcc -o "2D-Detumbling-ACS.elf" @"objects.list"   -mcpu=cortex-m0 -T"C:\Users\joest\uni\Einführung in die Elektronik der L und R\2D-Detumbling-ACS\STM32F051R8TX_FLASH.ld" --specs=nosys.specs -Wl,-Map="2D-Detumbling-ACS.map" -Wl,--gc-sections -static --specs=nano.specs -mfloat-abi=soft -mthumb -Wl,--start-group -lc -lm -Wl,--end-group
Finished building target: 2D-Detumbling-ACS.elf
 
arm-none-eabi-size  2D-Detumbling-ACS.elf 
arm-none-eabi-objdump -h -S 2D-Detumbling-ACS.elf  > "2D-Detumbling-ACS.list"
   text	   data	    bss	    dec	    hex	filename
  20080	     12	   1812	  21904	   5590	2D-Detumbling-ACS.elf
Finished building: default.size.stdout
 
Finished building: 2D-Detumbling-ACS.list
 
12:40:40 **** Incremental Build of configuration Debug for project 2D-Detumbling-ACS ****
make -j8 all 
arm-none-eabi-gcc "../Core/Src/main.c" -mcpu=cortex-m0 -std=gnu11 -g3 -DDEBUG -DUSE_HAL_DRIVER -DSTM32F051x8 -c -I../Core/Inc -I../Drivers/STM32F0xx_HAL_Driver/Inc -I../Drivers/STM32F0xx_HAL_Driver/Inc/Legacy -I../Drivers/CMSIS/Device/ST/STM32F0xx/Include -I../Drivers/CMSIS/Include -O0 -ffunction-sections -fdata-sections -Wall -fstack-usage -fcyclomatic-complexity -MMD -MP -MF"Core/Src/main.d" -MT"Core/Src/main.o" --specs=nano.specs -mfloat-abi=soft -mthumb -o "Core/Src/main.o"
arm-none-eabi-gcc -o "2D-Detumbling-ACS.elf" @"objects.list"   -mcpu=cortex-m0 -T"C:\Users\joest\uni\Einführung in die Elektronik der L und R\2D-Detumbling-ACS\STM32F051R8TX_FLASH.ld" --specs=nosys.specs -Wl,-Map="2D-Detumbling-ACS.map" -Wl,--gc-sections -static --specs=nano.specs -mfloat-abi=soft -mthumb -Wl,--start-group -lc -lm -Wl,--end-group
Finished building target: 2D-Detumbling-ACS.elf
 
arm-none-eabi-size  2D-Detumbling-ACS.elf 
arm-none-eabi-objdump -h -S 2D-Detumbling-ACS.elf  > "2D-Detumbling-ACS.list"
   text	   data	    bss	    dec	    hex	filename
  21108	     12	   1812	  22932	   5994	2D-Detumbling-ACS.elf
Finished building: default.size.stdout
 
Finished building: 2D-Detumbling-ACS.list
 
12:44:49 **** Incremental Build of configuration Debug for project 2D-Detumbling-ACS ****
make -j8 all 
arm-none-eabi-gcc "../Core/Src/main.c" -mcpu=cortex-m0 -std=gnu11 -g3 -DDEBUG -DUSE_HAL_DRIVER -DSTM32F051x8 -c -I../Core/Inc -I../Drivers/STM32F0xx_HAL_Driver/Inc -I../Drivers/STM32F0xx_HAL_Driver/Inc/Legacy -I../Drivers/CMSIS/Device/ST/STM32F0xx/Include -I../Drivers/CMSIS/Include -O0 -ffunction-sections -fdata-sections -Wall -fstack-usage -fcyclomatic-complexity -MMD -MP -MF"Core/Src/main.d" -MT"Core/Src/main.o" --specs=nano.specs -mfloat-abi=soft -mthumb -o "Core/Src/main.o"
arm-none-eabi-gcc -o "2D-Detumbling-ACS.elf" @"objects.list"   -mcpu=cortex-m0 -T"C:\Users\joest\uni\Einführung in die Elektronik der L und R\2D-Detumbling-ACS\STM32F051R8TX_FLASH.ld" --specs=nosys.specs -Wl,-Map="2D-Detumbling-ACS.map" -Wl,--gc-sections -static --specs=nano.specs -mfloat-abi=soft -mthumb -Wl,--start-group -lc -lm -Wl,--end-group
Finished building target: 2D-Detumbling-ACS.elf
 
arm-none-eabi-size  2D-Detumbling-ACS.elf 
arm-none-eabi-objdump -h -S 2D-Detumbling-ACS.elf  > "2D-Detumbling-ACS.list"
   text	   data	    bss	    dec	    hex	filename
  19840	     12	   1812	  21664	   54a0	2D-Detumbling-ACS.elf
Finished building: default.size.stdout
 
Finished building: 2D-Detumbling-ACS.list
 
12:52:26 **** Incremental Build of configuration Debug for project 2D-Detumbling-ACS ****
make -j8 all 
arm-none-eabi-gcc "../Core/Src/main.c" -mcpu=cortex-m0 -std=gnu11 -g3 -DDEBUG -DUSE_HAL_DRIVER -DSTM32F051x8 -c -I../Core/Inc -I../Drivers/STM32F0xx_HAL_Driver/Inc -I../Drivers/STM32F0xx_HAL_Driver/Inc/Legacy -I../Drivers/CMSIS/Device/ST/STM32F0xx/Include -I../Drivers/CMSIS/Include -O0 -ffunction-sections -fdata-sections -Wall -fstack-usage -fcyclomatic-complexity -MMD -MP -MF"Core/Src/main.d" -MT"Core/Src/main.o" --specs=nano.specs -mfloat-abi=soft -mthumb -o "Core/Src/main.o"
arm-none-eabi-gcc -o "2D-Detumbling-ACS.elf" @"objects.list"   -mcpu=cortex-m0 -T"C:\Users\joest\uni\Einführung in die Elektronik der L und R\2D-Detumbling-ACS\STM32F051R8TX_FLASH.ld" --specs=nosys.specs -Wl,-Map="2D-Detumbling-ACS.map" -Wl,--gc-sections -static --specs=nano.specs -mfloat-abi=soft -mthumb -Wl,--start-group -lc -lm -Wl,--end-group
Finished building target: 2D-Detumbling-ACS.elf
 
arm-none-eabi-size  2D-Detumbling-ACS.elf 
arm-none-eabi-objdump -h -S 2D-Detumbling-ACS.elf  > "2D-Detumbling-ACS.list"
   text	   data	    bss	    dec	    hex	filename
  19828	     12	   1812	  21652	   5494	2D-Detumbling-ACS.elf
Finished building: default.size.stdout
 
Finished building: 2D-Detumbling-ACS.list
 
12:54:56 **** Incremental Build of configuration Debug for project 2D-Detumbling-ACS ****
make -j8 all 
arm-none-eabi-size  2D-Detumbling-ACS.elf 
   text	   data	    bss	    dec	    hex	filename
  19828	     12	   1812	  21652	   5494	2D-Detumbling-ACS.elf
Finished building: default.size.stdout
 
13:00:12 **** Incremental Build of configuration Debug for project 2D-Detumbling-ACS ****
make -j8 all 
arm-none-eabi-gcc "../Core/Src/main.c" -mcpu=cortex-m0 -std=gnu11 -g3 -DDEBUG -DUSE_HAL_DRIVER -DSTM32F051x8 -c -I../Core/Inc -I../Drivers/STM32F0xx_HAL_Driver/Inc -I../Drivers/STM32F0xx_HAL_Driver/Inc/Legacy -I../Drivers/CMSIS/Device/ST/STM32F0xx/Include -I../Drivers/CMSIS/Include -O0 -ffunction-sections -fdata-sections -Wall -fstack-usage -fcyclomatic-complexity -MMD -MP -MF"Core/Src/main.d" -MT"Core/Src/main.o" --specs=nano.specs -mfloat-abi=soft -mthumb -o "Core/Src/main.o"
arm-none-eabi-gcc -o "2D-Detumbling-ACS.elf" @"objects.list"   -mcpu=cortex-m0 -T"C:\Users\joest\uni\Einführung in die Elektronik der L und R\2D-Detumbling-ACS\STM32F051R8TX_FLASH.ld" --specs=nosys.specs -Wl,-Map="2D-Detumbling-ACS.map" -Wl,--gc-sections -static --specs=nano.specs -mfloat-abi=soft -mthumb -Wl,--start-group -lc -lm -Wl,--end-group
Finished building target: 2D-Detumbling-ACS.elf
 
arm-none-eabi-size  2D-Detumbling-ACS.elf 
arm-none-eabi-objdump -h -S 2D-Detumbling-ACS.elf  > "2D-Detumbling-ACS.list"
   text	   data	    bss	    dec	    hex	filename
  19140	     12	   1812	  20964	   51e4	2D-Detumbling-ACS.elf
Finished building: default.size.stdout
 
Finished building: 2D-Detumbling-ACS.list
 
13:04:09 **** Incremental Build of configuration Debug for project 2D-Detumbling-ACS ****
make -j8 all 
arm-none-eabi-gcc "../Core/Src/main.c" -mcpu=cortex-m0 -std=gnu11 -g3 -DDEBUG -DUSE_HAL_DRIVER -DSTM32F051x8 -c -I../Core/Inc -I../Drivers/STM32F0xx_HAL_Driver/Inc -I../Drivers/STM32F0xx_HAL_Driver/Inc/Legacy -I../Drivers/CMSIS/Device/ST/STM32F0xx/Include -I../Drivers/CMSIS/Include -O0 -ffunction-sections -fdata-sections -Wall -fstack-usage -fcyclomatic-complexity -MMD -MP -MF"Core/Src/main.d" -MT"Core/Src/main.o" --specs=nano.specs -mfloat-abi=soft -mthumb -o "Core/Src/main.o"
arm-none-eabi-gcc -o "2D-Detumbling-ACS.elf" @"objects.list"   -mcpu=cortex-m0 -T"C:\Users\joest\uni\Einführung in die Elektronik der L und R\2D-Detumbling-ACS\STM32F051R8TX_FLASH.ld" --specs=nosys.specs -Wl,-Map="2D-Detumbling-ACS.map" -Wl,--gc-sections -static --specs=nano.specs -mfloat-abi=soft -mthumb -Wl,--start-group -lc -lm -Wl,--end-group
Finished building target: 2D-Detumbling-ACS.elf
 
arm-none-eabi-size  2D-Detumbling-ACS.elf 
arm-none-eabi-objdump -h -S 2D-Detumbling-ACS.elf  > "2D-Detumbling-ACS.list"
   text	   data	    bss	    dec	    hex	filename
  21108	     12	   1812	  22932	   5994	2D-Detumbling-ACS.elf
Finished building: default.size.stdout
 
Finished building: 2D-Detumbling-ACS.list
 
13:29:47 **** Incremental Build of configuration Debug for project 2D-Detumbling-ACS ****
make -j8 all 
arm-none-eabi-gcc "../Core/Src/main.c" -mcpu=cortex-m0 -std=gnu11 -g3 -DDEBUG -DUSE_HAL_DRIVER -DSTM32F051x8 -c -I../Core/Inc -I../Drivers/STM32F0xx_HAL_Driver/Inc -I../Drivers/STM32F0xx_HAL_Driver/Inc/Legacy -I../Drivers/CMSIS/Device/ST/STM32F0xx/Include -I../Drivers/CMSIS/Include -O0 -ffunction-sections -fdata-sections -Wall -fstack-usage -fcyclomatic-complexity -MMD -MP -MF"Core/Src/main.d" -MT"Core/Src/main.o" --specs=nano.specs -mfloat-abi=soft -mthumb -o "Core/Src/main.o"
arm-none-eabi-gcc -o "2D-Detumbling-ACS.elf" @"objects.list"   -mcpu=cortex-m0 -T"C:\Users\joest\uni\Einführung in die Elektronik der L und R\2D-Detumbling-ACS\STM32F051R8TX_FLASH.ld" --specs=nosys.specs -Wl,-Map="2D-Detumbling-ACS.map" -Wl,--gc-sections -static --specs=nano.specs -mfloat-abi=soft -mthumb -Wl,--start-group -lc -lm -Wl,--end-group
Finished building target: 2D-Detumbling-ACS.elf
 
arm-none-eabi-size  2D-Detumbling-ACS.elf 
arm-none-eabi-objdump -h -S 2D-Detumbling-ACS.elf  > "2D-Detumbling-ACS.list"
   text	   data	    bss	    dec	    hex	filename
  19840	     12	   1812	  21664	   54a0	2D-Detumbling-ACS.elf
Finished building: default.size.stdout
 
Finished building: 2D-Detumbling-ACS.list
 
13:43:35 **** Incremental Build of configuration Debug for project 2D-Detumbling-ACS ****
make -j8 all 
arm-none-eabi-gcc "../Core/Src/main.c" -mcpu=cortex-m0 -std=gnu11 -g3 -DDEBUG -DUSE_HAL_DRIVER -DSTM32F051x8 -c -I../Core/Inc -I../Drivers/STM32F0xx_HAL_Driver/Inc -I../Drivers/STM32F0xx_HAL_Driver/Inc/Legacy -I../Drivers/CMSIS/Device/ST/STM32F0xx/Include -I../Drivers/CMSIS/Include -O0 -ffunction-sections -fdata-sections -Wall -fstack-usage -fcyclomatic-complexity -MMD -MP -MF"Core/Src/main.d" -MT"Core/Src/main.o" --specs=nano.specs -mfloat-abi=soft -mthumb -o "Core/Src/main.o"
arm-none-eabi-gcc -o "2D-Detumbling-ACS.elf" @"objects.list"   -mcpu=cortex-m0 -T"C:\Users\joest\uni\Einführung in die Elektronik der L und R\2D-Detumbling-ACS\STM32F051R8TX_FLASH.ld" --specs=nosys.specs -Wl,-Map="2D-Detumbling-ACS.map" -Wl,--gc-sections -static --specs=nano.specs -mfloat-abi=soft -mthumb -Wl,--start-group -lc -lm -Wl,--end-group
Finished building target: 2D-Detumbling-ACS.elf
 
arm-none-eabi-size  2D-Detumbling-ACS.elf 
arm-none-eabi-objdump -h -S 2D-Detumbling-ACS.elf  > "2D-Detumbling-ACS.list"
   text	   data	    bss	    dec	    hex	filename
  19840	     12	   1812	  21664	   54a0	2D-Detumbling-ACS.elf
Finished building: default.size.stdout
 
Finished building: 2D-Detumbling-ACS.list
 
13:47:26 **** Incremental Build of configuration Debug for project 2D-Detumbling-ACS ****
make -j8 all 
arm-none-eabi-gcc "../Core/Src/main.c" -mcpu=cortex-m0 -std=gnu11 -g3 -DDEBUG -DUSE_HAL_DRIVER -DSTM32F051x8 -c -I../Core/Inc -I../Drivers/STM32F0xx_HAL_Driver/Inc -I../Drivers/STM32F0xx_HAL_Driver/Inc/Legacy -I../Drivers/CMSIS/Device/ST/STM32F0xx/Include -I../Drivers/CMSIS/Include -O0 -ffunction-sections -fdata-sections -Wall -fstack-usage -fcyclomatic-complexity -MMD -MP -MF"Core/Src/main.d" -MT"Core/Src/main.o" --specs=nano.specs -mfloat-abi=soft -mthumb -o "Core/Src/main.o"
arm-none-eabi-gcc -o "2D-Detumbling-ACS.elf" @"objects.list"   -mcpu=cortex-m0 -T"C:\Users\joest\uni\Einführung in die Elektronik der L und R\2D-Detumbling-ACS\STM32F051R8TX_FLASH.ld" --specs=nosys.specs -Wl,-Map="2D-Detumbling-ACS.map" -Wl,--gc-sections -static --specs=nano.specs -mfloat-abi=soft -mthumb -Wl,--start-group -lc -lm -Wl,--end-group
Finished building target: 2D-Detumbling-ACS.elf
 
arm-none-eabi-size  2D-Detumbling-ACS.elf 
arm-none-eabi-objdump -h -S 2D-Detumbling-ACS.elf  > "2D-Detumbling-ACS.list"
   text	   data	    bss	    dec	    hex	filename
  18716	     12	   1804	  20532	   5034	2D-Detumbling-ACS.elf
Finished building: default.size.stdout
 
Finished building: 2D-Detumbling-ACS.list
 
13:56:45 **** Incremental Build of configuration Debug for project 2D-Detumbling-ACS ****
make -j8 all 
arm-none-eabi-gcc "../Core/Src/main.c" -mcpu=cortex-m0 -std=gnu11 -g3 -DDEBUG -DUSE_HAL_DRIVER -DSTM32F051x8 -c -I../Core/Inc -I../Drivers/STM32F0xx_HAL_Driver/Inc -I../Drivers/STM32F0xx_HAL_Driver/Inc/Legacy -I../Drivers/CMSIS/Device/ST/STM32F0xx/Include -I../Drivers/CMSIS/Include -O0 -ffunction-sections -fdata-sections -Wall -fstack-usage -fcyclomatic-complexity -MMD -MP -MF"Core/Src/main.d" -MT"Core/Src/main.o" --specs=nano.specs -mfloat-abi=soft -mthumb -o "Core/Src/main.o"
arm-none-eabi-gcc -o "2D-Detumbling-ACS.elf" @"objects.list"   -mcpu=cortex-m0 -T"C:\Users\joest\uni\Einführung in die Elektronik der L und R\2D-Detumbling-ACS\STM32F051R8TX_FLASH.ld" --specs=nosys.specs -Wl,-Map="2D-Detumbling-ACS.map" -Wl,--gc-sections -static --specs=nano.specs -mfloat-abi=soft -mthumb -Wl,--start-group -lc -lm -Wl,--end-group
Finished building target: 2D-Detumbling-ACS.elf
 
arm-none-eabi-size  2D-Detumbling-ACS.elf 
arm-none-eabi-objdump -h -S 2D-Detumbling-ACS.elf  > "2D-Detumbling-ACS.list"
   text	   data	    bss	    dec	    hex	filename
  19828	     12	   1812	  21652	   5494	2D-Detumbling-ACS.elf
Finished building: default.size.stdout
 
Finished building: 2D-Detumbling-ACS.list
 
13:58:40 **** Incremental Build of configuration Debug for project 2D-Detumbling-ACS ****
make -j8 all 
arm-none-eabi-gcc "../Core/Src/main.c" -mcpu=cortex-m0 -std=gnu11 -g3 -DDEBUG -DUSE_HAL_DRIVER -DSTM32F051x8 -c -I../Core/Inc -I../Drivers/STM32F0xx_HAL_Driver/Inc -I../Drivers/STM32F0xx_HAL_Driver/Inc/Legacy -I../Drivers/CMSIS/Device/ST/STM32F0xx/Include -I../Drivers/CMSIS/Include -O0 -ffunction-sections -fdata-sections -Wall -fstack-usage -fcyclomatic-complexity -MMD -MP -MF"Core/Src/main.d" -MT"Core/Src/main.o" --specs=nano.specs -mfloat-abi=soft -mthumb -o "Core/Src/main.o"
arm-none-eabi-gcc -o "2D-Detumbling-ACS.elf" @"objects.list"   -mcpu=cortex-m0 -T"C:\Users\joest\uni\Einführung in die Elektronik der L und R\2D-Detumbling-ACS\STM32F051R8TX_FLASH.ld" --specs=nosys.specs -Wl,-Map="2D-Detumbling-ACS.map" -Wl,--gc-sections -static --specs=nano.specs -mfloat-abi=soft -mthumb -Wl,--start-group -lc -lm -Wl,--end-group
Finished building target: 2D-Detumbling-ACS.elf
 
arm-none-eabi-size  2D-Detumbling-ACS.elf 
arm-none-eabi-objdump -h -S 2D-Detumbling-ACS.elf  > "2D-Detumbling-ACS.list"
   text	   data	    bss	    dec	    hex	filename
  19820	     12	   1812	  21644	   548c	2D-Detumbling-ACS.elf
Finished building: default.size.stdout
 
Finished building: 2D-Detumbling-ACS.list
 
