14:26:24 **** Incremental Build of configuration Debug for project 2D-Detumbling-ACS ****
make -j8 all 
arm-none-eabi-gcc "../Core/Src/stm32f0xx_hal_msp.c" -mcpu=cortex-m0 -std=gnu11 -g3 -DDEBUG -DUSE_HAL_DRIVER -DSTM32F051x8 -c -I../Core/Inc -I../Drivers/STM32F0xx_HAL_Driver/Inc -I../Drivers/STM32F0xx_HAL_Driver/Inc/Legacy -I../Drivers/CMSIS/Device/ST/STM32F0xx/Include -I../Drivers/CMSIS/Include -O0 -ffunction-sections -fdata-sections -Wall -fstack-usage -fcyclomatic-complexity -MMD -MP -MF"Core/Src/stm32f0xx_hal_msp.d" -MT"Core/Src/stm32f0xx_hal_msp.o" --specs=nano.specs -mfloat-abi=soft -mthumb -o "Core/Src/stm32f0xx_hal_msp.o"
arm-none-eabi-gcc -o "2D-Detumbling-ACS.elf" @"objects.list"   -mcpu=cortex-m0 -T"C:\Users\joest\uni\Einführung in die Elektronik der L und R\2D-Detumbling-ACS\STM32F051R8TX_FLASH.ld" --specs=nosys.specs -Wl,-Map="2D-Detumbling-ACS.map" -Wl,--gc-sections -static --specs=nano.specs -mfloat-abi=soft -mthumb -Wl,--start-group -lc -lm -Wl,--end-group
Finished building target: 2D-Detumbling-ACS.elf
 
arm-none-eabi-size  2D-Detumbling-ACS.elf 
arm-none-eabi-objdump -h -S 2D-Detumbling-ACS.elf  > "2D-Detumbling-ACS.list"
   text	   data	    bss	    dec	    hex	filename
   8288	     12	   1716	  10016	   2720	2D-Detumbling-ACS.elf
Finished building: default.size.stdout
 
Finished building: 2D-Detumbling-ACS.list
 
14:26:36 **** Incremental Build of configuration Debug for project 2D-Detumbling-ACS ****
make -j8 all 
arm-none-eabi-size  2D-Detumbling-ACS.elf 
   text	   data	    bss	    dec	    hex	filename
   8288	     12	   1716	  10016	   2720	2D-Detumbling-ACS.elf
Finished building: default.size.stdout
 
14:35:01 **** Incremental Build of configuration Debug for project 2D-Detumbling-ACS ****
make -j8 all 
arm-none-eabi-gcc "../Core/Src/main.c" -mcpu=cortex-m0 -std=gnu11 -g3 -DDEBUG -DUSE_HAL_DRIVER -DSTM32F051x8 -c -I../Core/Inc -I../Drivers/STM32F0xx_HAL_Driver/Inc -I../Drivers/STM32F0xx_HAL_Driver/Inc/Legacy -I../Drivers/CMSIS/Device/ST/STM32F0xx/Include -I../Drivers/CMSIS/Include -O0 -ffunction-sections -fdata-sections -Wall -fstack-usage -fcyclomatic-complexity -MMD -MP -MF"Core/Src/main.d" -MT"Core/Src/main.o" --specs=nano.specs -mfloat-abi=soft -mthumb -o "Core/Src/main.o"
arm-none-eabi-gcc -o "2D-Detumbling-ACS.elf" @"objects.list"   -mcpu=cortex-m0 -T"C:\Users\joest\uni\Einführung in die Elektronik der L und R\2D-Detumbling-ACS\STM32F051R8TX_FLASH.ld" --specs=nosys.specs -Wl,-Map="2D-Detumbling-ACS.map" -Wl,--gc-sections -static --specs=nano.specs -mfloat-abi=soft -mthumb -Wl,--start-group -lc -lm -Wl,--end-group
Finished building target: 2D-Detumbling-ACS.elf
 
arm-none-eabi-size  2D-Detumbling-ACS.elf 
arm-none-eabi-objdump -h -S 2D-Detumbling-ACS.elf  > "2D-Detumbling-ACS.list"
   text	   data	    bss	    dec	    hex	filename
   9004	     16	   1712	  10732	   29ec	2D-Detumbling-ACS.elf
Finished building: default.size.stdout
 
Finished building: 2D-Detumbling-ACS.list
 
14:36:31 **** Incremental Build of configuration Debug for project 2D-Detumbling-ACS ****
make -j8 all 
arm-none-eabi-size  2D-Detumbling-ACS.elf 
   text	   data	    bss	    dec	    hex	filename
   9004	     16	   1712	  10732	   29ec	2D-Detumbling-ACS.elf
Finished building: default.size.stdout
 
14:44:13 **** Incremental Build of configuration Debug for project 2D-Detumbling-ACS ****
make -j8 all 
arm-none-eabi-size  2D-Detumbling-ACS.elf 
   text	   data	    bss	    dec	    hex	filename
   9004	     16	   1712	  10732	   29ec	2D-Detumbling-ACS.elf
Finished building: default.size.stdout
 
14:45:35 **** Incremental Build of configuration Debug for project 2D-Detumbling-ACS ****
make -j8 all 
arm-none-eabi-size  2D-Detumbling-ACS.elf 
   text	   data	    bss	    dec	    hex	filename
   9004	     16	   1712	  10732	   29ec	2D-Detumbling-ACS.elf
Finished building: default.size.stdout
 
14:45:53 **** Incremental Build of configuration Debug for project 2D-Detumbling-ACS ****
make -j8 all 
arm-none-eabi-size  2D-Detumbling-ACS.elf 
   text	   data	    bss	    dec	    hex	filename
   9004	     16	   1712	  10732	   29ec	2D-Detumbling-ACS.elf
Finished building: default.size.stdout
 
14:46:22 **** Incremental Build of configuration Debug for project 2D-Detumbling-ACS ****
make -j8 all 
arm-none-eabi-size  2D-Detumbling-ACS.elf 
   text	   data	    bss	    dec	    hex	filename
   9004	     16	   1712	  10732	   29ec	2D-Detumbling-ACS.elf
Finished building: default.size.stdout
 
