../Core/Src/main.c:143:5:main	40	static
../Core/Src/main.c:277:6:SystemClock_Config	104	static
../Core/Src/main.c:323:13:MX_I2C1_Init	8	static
../Core/Src/main.c:371:13:MX_TIM3_Init	48	static
../Core/Src/main.c:424:13:MX_TIM14_Init	8	static
../Core/Src/main.c:455:13:MX_GPIO_Init	48	static
../Core/Src/main.c:481:6:blink_sos_pwm	32	static
../Core/Src/main.c:518:9:check_gyro	32	static
../Core/Src/main.c:542:9:check_magnetometer	32	static
../Core/Src/main.c:566:6:init_gyro	32	static
../Core/Src/main.c:598:6:init_magnetometer	32	static
../Core/Src/main.c:637:6:read_gyro	64	static
../Core/Src/main.c:682:6:read_magnetometer	64	static
../Core/Src/main.c:726:6:compute_torque	56	static
../Core/Src/main.c:758:6:set_pwm	16	static
../Core/Src/main.c:771:6:handle_sleep_logic	16	static
../Core/Src/main.c:797:6:HAL_TIM_PeriodElapsedCallback	16	static
../Core/Src/main.c:812:6:Error_Handler	8	static,ignoring_inline_asm
