../Core/Src/main.c:163:5:main	40	static
../Core/Src/main.c:320:6:SystemClock_Config	104	static
../Core/Src/main.c:366:13:MX_I2C1_Init	8	static
../Core/Src/main.c:414:13:MX_TIM3_Init	48	static
../Core/Src/main.c:467:13:MX_TIM14_Init	8	static
../Core/Src/main.c:498:13:MX_GPIO_Init	48	static
../Core/Src/main.c:524:6:blink_sos_pwm	32	static
../Core/Src/main.c:561:9:check_gyro	32	static
../Core/Src/main.c:585:9:check_magnetometer	32	static
../Core/Src/main.c:609:6:init_gyro	32	static
../Core/Src/main.c:638:6:init_magnetometer	32	static
../Core/Src/main.c:665:6:read_gyro	64	static
../Core/Src/main.c:706:6:read_magnetometer	64	static
../Core/Src/main.c:751:6:compute_torque	72	static
../Core/Src/main.c:798:6:set_pwm	16	static
../Core/Src/main.c:811:6:handle_sleep_logic	16	static
../Core/Src/main.c:837:6:HAL_TIM_PeriodElapsedCallback	16	static
../Core/Src/main.c:847:20:ctrl_timer_set_rate_hz	16	static
../Core/Src/main.c:857:20:fxas_active	40	static
../Core/Src/main.c:864:20:fxos_active	40	static
../Core/Src/main.c:877:6:Error_Handler	8	static,ignoring_inline_asm
