../Core/Src/main.c:94:5:main	8	static
../Core/Src/main.c:177:6:SystemClock_Config	104	static
../Core/Src/main.c:223:13:MX_I2C1_Init	8	static
../Core/Src/main.c:271:13:MX_TIM3_Init	48	static
../Core/Src/main.c:324:13:MX_TIM14_Init	8	static
../Core/Src/main.c:355:13:MX_GPIO_Init	48	static
../Core/Src/main.c:381:6:blink_sos_pwm	32	static
../Core/Src/main.c:413:9:check_fxos8700	32	static
../Core/Src/main.c:432:9:check_fxas21002	32	static
../Core/Src/main.c:452:6:init_fxas21002	32	static
../Core/Src/main.c:478:6:init_fxos8700	32	static
../Core/Src/main.c:511:6:read_gyro	64	static
../Core/Src/main.c:547:6:read_magnetometer	64	static
../Core/Src/main.c:585:6:compute_torque	48	static
../Core/Src/main.c:616:6:set_pwm	16	static
../Core/Src/main.c:627:6:HAL_TIM_PeriodElapsedCallback	40	static
../Core/Src/main.c:660:6:Error_Handler	8	static,ignoring_inline_asm
