../Core/Src/main.c:76:5:main	8	static
../Core/Src/main.c:155:6:SystemClock_Config	104	static
../Core/Src/main.c:201:13:MX_I2C1_Init	8	static
../Core/Src/main.c:249:13:MX_TIM3_Init	48	static
../Core/Src/main.c:302:13:MX_TIM14_Init	8	static
../Core/Src/main.c:333:13:MX_GPIO_Init	48	static
../Core/Src/main.c:358:6:blink_sos_pwm	32	static
../Core/Src/main.c:389:9:check_fxos8700	32	static
../Core/Src/main.c:408:9:check_fxas21002	32	static
../Core/Src/main.c:427:6:HAL_TIM_PeriodElapsedCallback	16	static
../Core/Src/main.c:446:6:Error_Handler	8	static,ignoring_inline_asm
