../Core/Src/main.c:146:5:main	40	static
../Core/Src/main.c:280:6:SystemClock_Config	104	static
../Core/Src/main.c:326:13:MX_I2C1_Init	8	static
../Core/Src/main.c:374:13:MX_TIM3_Init	48	static
../Core/Src/main.c:427:13:MX_TIM14_Init	8	static
../Core/Src/main.c:458:13:MX_GPIO_Init	48	static
../Core/Src/main.c:484:6:blink_sos_pwm	32	static
../Core/Src/main.c:521:9:check_fxas21002	32	static
../Core/Src/main.c:545:9:check_fxos8700	32	static
../Core/Src/main.c:569:6:init_fxas21002	32	static
../Core/Src/main.c:601:6:init_fxos8700	32	static
../Core/Src/main.c:640:6:read_gyro	64	static
../Core/Src/main.c:678:6:read_magnetometer	64	static
../Core/Src/main.c:717:6:compute_torque	56	static
../Core/Src/main.c:747:6:set_pwm	16	static
../Core/Src/main.c:757:6:handle_sleep_logic	16	static
../Core/Src/main.c:777:6:HAL_TIM_PeriodElapsedCallback	16	static
../Core/Src/main.c:791:6:Error_Handler	8	static,ignoring_inline_asm
