../Core/Src/main.c:166:5:main	8	static
../Core/Src/main.c:283:6:SystemClock_Config	104	static
../Core/Src/main.c:329:13:MX_I2C1_Init	8	static
../Core/Src/main.c:377:13:MX_TIM3_Init	48	static
../Core/Src/main.c:430:13:MX_TIM14_Init	8	static
../Core/Src/main.c:461:13:MX_GPIO_Init	48	static
../Core/Src/main.c:487:6:blink_sos_pwm	32	static
../Core/Src/main.c:522:9:check_gyro	32	static
../Core/Src/main.c:543:9:check_magnetometer	32	static
../Core/Src/main.c:564:6:init_gyro	32	static
../Core/Src/main.c:591:6:init_magnetometer	32	static
../Core/Src/main.c:619:6:read_gyro	64	static
../Core/Src/main.c:658:6:read_magnetometer	64	static
../Core/Src/main.c:702:6:compute_torque	72	static
../Core/Src/main.c:756:6:set_pwm	16	static
../Core/Src/main.c:767:6:handle_sleep_logic	16	static
../Core/Src/main.c:790:20:ctrl_timer_set_rate_hz	16	static
../Core/Src/main.c:800:20:gyro_active	40	static
../Core/Src/main.c:808:20:magnetometer_active	40	static
../Core/Src/main.c:817:13:control_step	40	static
../Core/Src/main.c:868:6:HAL_TIM_PeriodElapsedCallback	16	static
../Core/Src/main.c:880:6:Error_Handler	8	static,ignoring_inline_asm
