../Core/Src/main.c:163:5:main	40	static
../Core/Src/main.c:320:6:SystemClock_Config	104	static
../Core/Src/main.c:366:13:MX_I2C1_Init	8	static
../Core/Src/main.c:414:13:MX_TIM3_Init	48	static
../Core/Src/main.c:467:13:MX_TIM14_Init	8	static
../Core/Src/main.c:498:13:MX_GPIO_Init	48	static
../Core/Src/main.c:524:6:blink_sos_pwm	32	static
../Core/Src/main.c:561:9:check_gyro	32	static
../Core/Src/main.c:585:9:check_magnetometer	32	static
../Core/Src/main.c:609:6:init_gyro	32	static
../Core/Src/main.c:635:6:init_magnetometer	32	static
../Core/Src/main.c:662:6:read_gyro	64	static
../Core/Src/main.c:703:6:read_magnetometer	64	static
../Core/Src/main.c:748:6:compute_torque	72	static
../Core/Src/main.c:795:6:set_pwm	16	static
../Core/Src/main.c:808:6:handle_sleep_logic	16	static
../Core/Src/main.c:834:6:HAL_TIM_PeriodElapsedCallback	16	static
../Core/Src/main.c:844:20:ctrl_timer_set_rate_hz	16	static
../Core/Src/main.c:854:20:gyro_active	40	static
../Core/Src/main.c:861:20:magnetometer_active	40	static
../Core/Src/main.c:874:6:Error_Handler	8	static,ignoring_inline_asm
