../Core/Src/main.c:86:5:main	8	static
../Core/Src/main.c:165:6:SystemClock_Config	104	static
../Core/Src/main.c:211:13:MX_I2C1_Init	8	static
../Core/Src/main.c:259:13:MX_TIM3_Init	48	static
../Core/Src/main.c:312:13:MX_TIM14_Init	8	static
../Core/Src/main.c:343:13:MX_GPIO_Init	48	static
../Core/Src/main.c:368:6:blink_sos_pwm	32	static
../Core/Src/main.c:400:9:check_fxos8700	32	static
../Core/Src/main.c:419:9:check_fxas21002	32	static
../Core/Src/main.c:438:7:read_gyro	56	static
../Core/Src/main.c:460:6:read_magnetometer	56	static
../Core/Src/main.c:480:6:compute_torque	48	static
../Core/Src/main.c:511:6:set_pwm	16	static
../Core/Src/main.c:520:6:HAL_TIM_PeriodElapsedCallback	56	static
../Core/Src/main.c:546:6:Error_Handler	8	static,ignoring_inline_asm
