../Core/Src/main.c:97:5:main	8	static
../Core/Src/main.c:229:6:SystemClock_Config	104	static
../Core/Src/main.c:275:13:MX_I2C1_Init	8	static
../Core/Src/main.c:323:13:MX_TIM3_Init	48	static
../Core/Src/main.c:376:13:MX_TIM14_Init	8	static
../Core/Src/main.c:407:13:MX_GPIO_Init	48	static
../Core/Src/main.c:433:6:blink_sos_pwm	32	static
../Core/Src/main.c:465:9:check_fxos8700	32	static
../Core/Src/main.c:484:9:check_fxas21002	32	static
../Core/Src/main.c:504:6:init_fxas21002	32	static
../Core/Src/main.c:530:6:init_fxos8700	32	static
../Core/Src/main.c:563:6:read_gyro	64	static
../Core/Src/main.c:599:6:read_magnetometer	64	static
../Core/Src/main.c:638:6:compute_torque	56	static
../Core/Src/main.c:668:6:set_pwm	16	static
../Core/Src/main.c:681:6:handle_sleep_logic	16	static
../Core/Src/main.c:701:6:HAL_TIM_PeriodElapsedCallback	56	static
../Core/Src/main.c:735:6:Error_Handler	8	static,ignoring_inline_asm
