../Core/Src/main.c:77:5:main	8	static
../Core/Src/main.c:157:6:SystemClock_Config	104	static
../Core/Src/main.c:203:13:MX_I2C1_Init	8	static
../Core/Src/main.c:251:13:MX_TIM3_Init	48	static
../Core/Src/main.c:304:13:MX_TIM14_Init	8	static
../Core/Src/main.c:335:13:MX_GPIO_Init	48	static
../Core/Src/main.c:360:6:blink_sos_pwm	32	static
../Core/Src/main.c:392:9:check_fxos8700	32	static
../Core/Src/main.c:411:9:check_fxas21002	32	static
../Core/Src/main.c:431:6:init_fxas21002	32	static
../Core/Src/main.c:452:6:HAL_TIM_PeriodElapsedCallback	16	static
../Core/Src/main.c:471:6:Error_Handler	8	static,ignoring_inline_asm
